D:/githubs/FMC-320U-FW/firmware/port/fm_port_dwt.h:70:24:FM_PORT_DWT_GetCycles	4	static
D:/githubs/FMC-320U-FW/firmware/bsp/fm_board.c:35:6:FM_BOARD_Init	8	static
D:/githubs/FMC-320U-FW/firmware/bsp/fm_board.c:43:6:FM_BOARD_DebugMsgEnabled	8	static
D:/githubs/FMC-320U-FW/firmware/bsp/fm_board.c:48:6:FM_BOARD_DebugLedsEnabled	16	static
D:/githubs/FMC-320U-FW/firmware/bsp/fm_board.c:63:6:FM_BOARD_LedErrorOn	8	static
D:/githubs/FMC-320U-FW/firmware/bsp/fm_board.c:68:6:FM_BOARD_LedErrorOff	8	static
D:/githubs/FMC-320U-FW/firmware/bsp/fm_board.c:73:6:FM_BOARD_LedRunOn	8	static
D:/githubs/FMC-320U-FW/firmware/bsp/fm_board.c:78:6:FM_BOARD_LedRunOff	8	static
D:/githubs/FMC-320U-FW/firmware/bsp/fm_board.c:83:6:FM_BOARD_LedSignalOn	8	static
D:/githubs/FMC-320U-FW/firmware/bsp/fm_board.c:88:6:FM_BOARD_LedSignalOff	8	static
D:/githubs/FMC-320U-FW/firmware/bsp/fm_board.c:94:6:FM_BOARD_UartTransmit	24	static
D:/githubs/FMC-320U-FW/firmware/bsp/fm_board.c:100:6:FM_BOARD_DwtInit	8	static
D:/githubs/FMC-320U-FW/firmware/bsp/fm_board.c:105:10:FM_BOARD_DwtGetCycles	8	static
D:/githubs/FMC-320U-FW/firmware/bsp/fm_board.c:110:6:FM_BOARD_OnRtcWakeupIrq	8	static
