D:/githubs/FMC-320U-FW/firmware/port/fm_port_dwt.h:70:24:FM_PORT_DWT_GetCycles	4	static
D:/githubs/FMC-320U-FW/firmware/bsp/fm_board.c:34:6:FM_BOARD_Init	8	static
D:/githubs/FMC-320U-FW/firmware/bsp/fm_board.c:42:6:FM_BOARD_DebugMsgEnabled	8	static
D:/githubs/FMC-320U-FW/firmware/bsp/fm_board.c:47:6:FM_BOARD_DebugLedsEnabled	16	static
D:/githubs/FMC-320U-FW/firmware/bsp/fm_board.c:62:6:FM_BOARD_LedErrorOn	8	static
D:/githubs/FMC-320U-FW/firmware/bsp/fm_board.c:67:6:FM_BOARD_LedErrorOff	8	static
D:/githubs/FMC-320U-FW/firmware/bsp/fm_board.c:72:6:FM_BOARD_LedRunOn	8	static
D:/githubs/FMC-320U-FW/firmware/bsp/fm_board.c:77:6:FM_BOARD_LedRunOff	8	static
D:/githubs/FMC-320U-FW/firmware/bsp/fm_board.c:82:6:FM_BOARD_LedSignalOn	8	static
D:/githubs/FMC-320U-FW/firmware/bsp/fm_board.c:87:6:FM_BOARD_LedSignalOff	8	static
D:/githubs/FMC-320U-FW/firmware/bsp/fm_board.c:93:6:FM_BOARD_UartTransmit	24	static
D:/githubs/FMC-320U-FW/firmware/bsp/fm_board.c:99:6:FM_BOARD_DwtInit	8	static
D:/githubs/FMC-320U-FW/firmware/bsp/fm_board.c:104:10:FM_BOARD_DwtGetCycles	8	static
