D:/githubs/FMC-320U-FW/firmware/libs/fm_debug.c:181:17:timestamp_cycles	8	static
D:/githubs/FMC-320U-FW/firmware/libs/fm_debug.c:223:13:enqueue_event	40	static
D:/githubs/FMC-320U-FW/firmware/libs/fm_debug.c:267:6:FM_DEBUG_Init	8	static
D:/githubs/FMC-320U-FW/firmware/libs/fm_debug.c:286:6:FM_DEBUG_IsEnabled	4	static
D:/githubs/FMC-320U-FW/firmware/libs/fm_debug.c:305:6:FM_DEBUG_RefreshJumpers	8	static
D:/githubs/FMC-320U-FW/firmware/libs/fm_debug.c:322:6:FM_DEBUG_MsgIsEnabled	4	static
D:/githubs/FMC-320U-FW/firmware/libs/fm_debug.c:338:6:FM_DEBUG_LedsAreEnabled	4	static
D:/githubs/FMC-320U-FW/firmware/libs/fm_debug.c:351:6:FM_DEBUG_ReportError	16	static
D:/githubs/FMC-320U-FW/firmware/libs/fm_debug.c:364:10:FM_DEBUG_ErrorCount	16	static
D:/githubs/FMC-320U-FW/firmware/libs/fm_debug.c:379:18:FM_DEBUG_LastError	4	static
D:/githubs/FMC-320U-FW/firmware/libs/fm_debug.c:389:10:FM_DEBUG_ErrorMask	4	static
D:/githubs/FMC-320U-FW/firmware/libs/fm_debug.c:399:6:FM_DEBUG_ClearErrors	16	static
D:/githubs/FMC-320U-FW/firmware/libs/fm_debug.c:422:6:FM_DEBUG_LedError	16	static
D:/githubs/FMC-320U-FW/firmware/libs/fm_debug.c:451:6:FM_DEBUG_LedRun	16	static
D:/githubs/FMC-320U-FW/firmware/libs/fm_debug.c:480:6:FM_DEBUG_LedSignal	16	static
D:/githubs/FMC-320U-FW/firmware/libs/fm_debug.c:506:6:FM_DEBUG_UartMsg	16	static
D:/githubs/FMC-320U-FW/firmware/libs/fm_debug.c:531:6:FM_DEBUG_UartUint32	24	static
D:/githubs/FMC-320U-FW/firmware/libs/fm_debug.c:556:6:FM_DEBUG_ReportErrorWithParam	24	static
D:/githubs/FMC-320U-FW/firmware/libs/fm_debug.c:578:9:FM_DEBUG_ErrorParam	16	static
D:/githubs/FMC-320U-FW/firmware/libs/fm_debug.c:594:13:FM_DEBUG_ErrorString	16	static
D:/githubs/FMC-320U-FW/firmware/libs/fm_debug.c:609:6:FM_DEBUG_UartInt32	24	static
D:/githubs/FMC-320U-FW/firmware/libs/fm_debug.c:631:6:FM_DEBUG_UartFloat	32	static
D:/githubs/FMC-320U-FW/firmware/libs/fm_debug.c:655:10:FM_DEBUG_TimestampCycles	8	static
D:/githubs/FMC-320U-FW/firmware/libs/fm_debug.c:669:6:FM_DEBUG_LogISR	24	static
D:/githubs/FMC-320U-FW/firmware/libs/fm_debug.c:682:6:FM_DEBUG_Log2ISR	32	static
D:/githubs/FMC-320U-FW/firmware/libs/fm_debug.c:695:6:FM_DEBUG_LogConstISR	24	static
D:/githubs/FMC-320U-FW/firmware/libs/fm_debug.c:711:10:FM_DEBUG_DroppedCount	4	static
D:/githubs/FMC-320U-FW/firmware/libs/fm_debug.c:724:10:FM_DEBUG_QueuedCount	4	static
D:/githubs/FMC-320U-FW/firmware/libs/fm_debug.c:736:10:FM_DEBUG_HighWatermark	4	static
D:/githubs/FMC-320U-FW/firmware/libs/fm_debug.c:749:6:FM_DEBUG_Flush	64	static
