Archive member included to satisfy reference by file (symbol)

C:/Users/dhs/AppData/Local/stm32cube/bundles/gnu-tools-for-stm32/14.3.1+st.2/bin/../lib/gcc/arm-none-eabi/14.3.1/thumb/v8-m.main+fp/hard\libgcc.a(_arm_addsubdf3.o)
                              CMakeFiles/fmc-320u-v2.dir/libs/fm_debug.c.obj (__aeabi_f2d)
C:/Users/dhs/AppData/Local/stm32cube/bundles/gnu-tools-for-stm32/14.3.1+st.2/bin/../lib/gcc/arm-none-eabi/14.3.1/thumb/v8-m.main+fp/hard\libgcc.a(_aeabi_uldivmod.o)
                              cmake/stm32cubemx/CMakeFiles/STM32_Drivers.dir/__/__/Drivers/STM32U5xx_HAL_Driver/Src/stm32u5xx_hal_uart.c.obj (__aeabi_uldivmod)
C:/Users/dhs/AppData/Local/stm32cube/bundles/gnu-tools-for-stm32/14.3.1+st.2/bin/../lib/gcc/arm-none-eabi/14.3.1/thumb/v8-m.main+fp/hard\libgcc.a(_udivmoddi4.o)
                              C:/Users/dhs/AppData/Local/stm32cube/bundles/gnu-tools-for-stm32/14.3.1+st.2/bin/../lib/gcc/arm-none-eabi/14.3.1/thumb/v8-m.main+fp/hard\libgcc.a(_aeabi_uldivmod.o) (__udivmoddi4)
C:/Users/dhs/AppData/Local/stm32cube/bundles/gnu-tools-for-stm32/14.3.1+st.2/bin/../lib/gcc/arm-none-eabi/14.3.1/thumb/v8-m.main+fp/hard\libgcc.a(_dvmd_tls.o)
                              C:/Users/dhs/AppData/Local/stm32cube/bundles/gnu-tools-for-stm32/14.3.1+st.2/bin/../lib/gcc/arm-none-eabi/14.3.1/thumb/v8-m.main+fp/hard\libgcc.a(_aeabi_uldivmod.o) (__aeabi_ldiv0)
C:/Users/dhs/AppData/Local/stm32cube/bundles/gnu-tools-for-stm32/14.3.1+st.2/bin/../lib/gcc/arm-none-eabi/14.3.1/../../../../arm-none-eabi/lib/thumb/v8-m.main+fp/hard\libg_nano.a(libc_a-exit.o)
                              C:/Users/dhs/AppData/Local/stm32cube/bundles/gnu-tools-for-stm32/14.3.1+st.2/bin/../lib/gcc/arm-none-eabi/14.3.1/../../../../arm-none-eabi/lib/thumb/v8-m.main+fp/hard/crt0.o (exit)
C:/Users/dhs/AppData/Local/stm32cube/bundles/gnu-tools-for-stm32/14.3.1+st.2/bin/../lib/gcc/arm-none-eabi/14.3.1/../../../../arm-none-eabi/lib/thumb/v8-m.main+fp/hard\libg_nano.a(libc_a-findfp.o)
                              C:/Users/dhs/AppData/Local/stm32cube/bundles/gnu-tools-for-stm32/14.3.1+st.2/bin/../lib/gcc/arm-none-eabi/14.3.1/../../../../arm-none-eabi/lib/thumb/v8-m.main+fp/hard\libg_nano.a(libc_a-exit.o) (__stdio_exit_handler)
C:/Users/dhs/AppData/Local/stm32cube/bundles/gnu-tools-for-stm32/14.3.1+st.2/bin/../lib/gcc/arm-none-eabi/14.3.1/../../../../arm-none-eabi/lib/thumb/v8-m.main+fp/hard\libg_nano.a(libc_a-fwalk.o)
                              C:/Users/dhs/AppData/Local/stm32cube/bundles/gnu-tools-for-stm32/14.3.1+st.2/bin/../lib/gcc/arm-none-eabi/14.3.1/../../../../arm-none-eabi/lib/thumb/v8-m.main+fp/hard\libg_nano.a(libc_a-findfp.o) (_fwalk_sglue)
C:/Users/dhs/AppData/Local/stm32cube/bundles/gnu-tools-for-stm32/14.3.1+st.2/bin/../lib/gcc/arm-none-eabi/14.3.1/../../../../arm-none-eabi/lib/thumb/v8-m.main+fp/hard\libg_nano.a(libc_a-snprintf.o)
                              CMakeFiles/fmc-320u-v2.dir/libs/fm_debug.c.obj (snprintf)
C:/Users/dhs/AppData/Local/stm32cube/bundles/gnu-tools-for-stm32/14.3.1+st.2/bin/../lib/gcc/arm-none-eabi/14.3.1/../../../../arm-none-eabi/lib/thumb/v8-m.main+fp/hard\libg_nano.a(libc_a-stdio.o)
                              C:/Users/dhs/AppData/Local/stm32cube/bundles/gnu-tools-for-stm32/14.3.1+st.2/bin/../lib/gcc/arm-none-eabi/14.3.1/../../../../arm-none-eabi/lib/thumb/v8-m.main+fp/hard\libg_nano.a(libc_a-findfp.o) (__sread)
C:/Users/dhs/AppData/Local/stm32cube/bundles/gnu-tools-for-stm32/14.3.1+st.2/bin/../lib/gcc/arm-none-eabi/14.3.1/../../../../arm-none-eabi/lib/thumb/v8-m.main+fp/hard\libg_nano.a(libc_a-memset.o)
                              C:/Users/dhs/AppData/Local/stm32cube/bundles/gnu-tools-for-stm32/14.3.1+st.2/bin/../lib/gcc/arm-none-eabi/14.3.1/../../../../arm-none-eabi/lib/thumb/v8-m.main+fp/hard/crt0.o (memset)
C:/Users/dhs/AppData/Local/stm32cube/bundles/gnu-tools-for-stm32/14.3.1+st.2/bin/../lib/gcc/arm-none-eabi/14.3.1/../../../../arm-none-eabi/lib/thumb/v8-m.main+fp/hard\libg_nano.a(libc_a-closer.o)
                              C:/Users/dhs/AppData/Local/stm32cube/bundles/gnu-tools-for-stm32/14.3.1+st.2/bin/../lib/gcc/arm-none-eabi/14.3.1/../../../../arm-none-eabi/lib/thumb/v8-m.main+fp/hard\libg_nano.a(libc_a-stdio.o) (_close_r)
C:/Users/dhs/AppData/Local/stm32cube/bundles/gnu-tools-for-stm32/14.3.1+st.2/bin/../lib/gcc/arm-none-eabi/14.3.1/../../../../arm-none-eabi/lib/thumb/v8-m.main+fp/hard\libg_nano.a(libc_a-reent.o)
                              C:/Users/dhs/AppData/Local/stm32cube/bundles/gnu-tools-for-stm32/14.3.1+st.2/bin/../lib/gcc/arm-none-eabi/14.3.1/../../../../arm-none-eabi/lib/thumb/v8-m.main+fp/hard\libg_nano.a(libc_a-closer.o) (errno)
C:/Users/dhs/AppData/Local/stm32cube/bundles/gnu-tools-for-stm32/14.3.1+st.2/bin/../lib/gcc/arm-none-eabi/14.3.1/../../../../arm-none-eabi/lib/thumb/v8-m.main+fp/hard\libg_nano.a(libc_a-impure.o)
[...]
Memory Configuration

Name             Origin             Length             Attributes
RAM              0x20000000         0x000c0000         xrw
ROM              0x08000000         0x00200000         xr
SRAM4            0x28000000         0x00004000         xrw
*default*        0x00000000         0xffffffff

Linker script and memory map

LOAD C:/Users/dhs/AppData/Local/stm32cube/bundles/gnu-tools-for-stm32/14.3.1+st.2/bin/../lib/gcc/arm-none-eabi/14.3.1/thumb/v8-m.main+fp/hard/crti.o
LOAD C:/Users/dhs/AppData/Local/stm32cube/bundles/gnu-tools-for-stm32/14.3.1+st.2/bin/../lib/gcc/arm-none-eabi/14.3.1/thumb/v8-m.main+fp/hard/crtbegin.o
LOAD C:/Users/dhs/AppData/Local/stm32cube/bundles/gnu-tools-for-stm32/14.3.1+st.2/bin/../lib/gcc/arm-none-eabi/14.3.1/../../../../arm-none-eabi/lib/thumb/v8-m.main+fp/hard/crt0.o
LOAD cmake/stm32cubemx/CMakeFiles/STM32_Drivers.dir/__/__/Core/Src/system_stm32u5xx.c.obj
LOAD cmake/stm32cubemx/CMakeFiles/STM32_Drivers.dir/__/__/Drivers/STM32U5xx_HAL_Driver/Src/stm32u5xx_hal_cortex.c.obj
LOAD cmake/stm32cubemx/CMakeFiles/STM32_Drivers.dir/__/__/Drivers/STM32U5xx_HAL_Driver/Src/stm32u5xx_hal.c.obj
LOAD cmake/stm32cubemx/CMakeFiles/STM32_Drivers.dir/__/__/Drivers/STM32U5xx_HAL_Driver/Src/stm32u5xx_hal_i2c.c.obj
LOAD cmake/stm32cubemx/CMakeFiles/STM32_Drivers.dir/__/__/Drivers/STM32U5xx_HAL_Driver/Src/stm32u5xx_hal_i2c_ex.c.obj
LOAD cmake/stm32cubemx/CMakeFiles/STM32_Drivers.dir/__/__/Drivers/STM32U5xx_HAL_Driver/Src/stm32u5xx_hal_rcc.c.obj
LOAD cmake/stm32cubemx/CMakeFiles/STM32_Drivers.dir/__/__/Drivers/STM32U5xx_HAL_Driver/Src/stm32u5xx_hal_rcc_ex.c.obj
LOAD cmake/stm32cubemx/CMakeFiles/STM32_Drivers.dir/__/__/Drivers/STM32U5xx_HAL_Driver/Src/stm32u5xx_hal_flash.c.obj
LOAD cmake/stm32cubemx/CMakeFiles/STM32_Drivers.dir/__/__/Drivers/STM32U5xx_HAL_Driver/Src/stm32u5xx_hal_flash_ex.c.obj
LOAD cmake/stm32cubemx/CMakeFiles/STM32_Drivers.dir/__/__/Drivers/STM32U5xx_HAL_Driver/Src/stm32u5xx_hal_gpio.c.obj
LOAD cmake/stm32cubemx/CMakeFiles/STM32_Drivers.dir/__/__/Drivers/STM32U5xx_HAL_Driver/Src/stm32u5xx_hal_dma.c.obj
LOAD cmake/stm32cubemx/CMakeFiles/STM32_Drivers.dir/__/__/Drivers/STM32U5xx_HAL_Driver/Src/stm32u5xx_hal_dma_ex.c.obj
LOAD cmake/stm32cubemx/CMakeFiles/STM32_Drivers.dir/__/__/Drivers/STM32U5xx_HAL_Driver/Src/stm32u5xx_hal_exti.c.obj
LOAD cmake/stm32cubemx/CMakeFiles/STM32_Drivers.dir/__/__/Drivers/STM32U5xx_HAL_Driver/Src/stm32u5xx_hal_pwr.c.obj
LOAD cmake/stm32cubemx/CMakeFiles/STM32_Drivers.dir/__/__/Drivers/STM32U5xx_HAL_Driver/Src/stm32u5xx_hal_pwr_ex.c.obj
LOAD cmake/stm32cubemx/CMakeFiles/STM32_Drivers.dir/__/__/Drivers/STM32U5xx_HAL_Driver/Src/stm32u5xx_hal_gtzc.c.obj
LOAD cmake/stm32cubemx/CMakeFiles/STM32_Drivers.dir/__/__/Drivers/STM32U5xx_HAL_Driver/Src/stm32u5xx_hal_icache.c.obj
LOAD cmake/stm32cubemx/CMakeFiles/STM32_Drivers.dir/__/__/Drivers/STM32U5xx_HAL_Driver/Src/stm32u5xx_hal_rtc.c.obj
LOAD cmake/stm32cubemx/CMakeFiles/STM32_Drivers.dir/__/__/Drivers/STM32U5xx_HAL_Driver/Src/stm32u5xx_hal_rtc_ex.c.obj
LOAD cmake/stm32cubemx/CMakeFiles/STM32_Drivers.dir/__/__/Drivers/STM32U5xx_HAL_Driver/Src/stm32u5xx_hal_uart.c.obj
LOAD cmake/stm32cubemx/CMakeFiles/STM32_Drivers.dir/__/__/Drivers/STM32U5xx_HAL_Driver/Src/stm32u5xx_hal_uart_ex.c.obj
LOAD CMakeFiles/fmc-320u-v2.dir/Core/Src/main.c.obj
LOAD CMakeFiles/fmc-320u-v2.dir/Core/Src/gpio.c.obj
LOAD CMakeFiles/fmc-320u-v2.dir/Core/Src/rtc.c.obj
LOAD CMakeFiles/fmc-320u-v2.dir/Core/Src/usart.c.obj
LOAD CMakeFiles/fmc-320u-v2.dir/Core/Src/stm32u5xx_it.c.obj
LOAD CMakeFiles/fmc-320u-v2.dir/Core/Src/stm32u5xx_hal_msp.c.obj
LOAD CMakeFiles/fmc-320u-v2.dir/Core/Src/sysmem.c.obj
LOAD CMakeFiles/fmc-320u-v2.dir/Core/Src/syscalls.c.obj
LOAD CMakeFiles/fmc-320u-v2.dir/startup_stm32u575xx.s.obj
LOAD CMakeFiles/fmc-320u-v2.dir/01_app/fm_main.c.obj
LOAD CMakeFiles/fmc-320u-v2.dir/libs/fm_debug.c.obj
LOAD CMakeFiles/fmc-320u-v2.dir/bsp/fm_board.c.obj
LOAD CMakeFiles/fmc-320u-v2.dir/port/fm_hw_dwt.c.obj
LOAD CMakeFiles/fmc-320u-v2.dir/port/fm_hw_gpio.c.obj
LOAD CMakeFiles/fmc-320u-v2.dir/port/fm_hw_uart.c.obj
LOAD C:/Users/dhs/AppData/Local/stm32cube/bundles/gnu-tools-for-stm32/14.3.1+st.2/bin/../lib/gcc/arm-none-eabi/14.3.1/../../../../arm-none-eabi/lib/thumb/v8-m.main+fp/hard\libm.a
START GROUP
LOAD C:/Users/dhs/AppData/Local/stm32cube/bundles/gnu-tools-for-stm32/14.3.1+st.2/bin/../lib/gcc/arm-none-eabi/14.3.1/thumb/v8-m.main+fp/hard\libgcc.a
LOAD C:/Users/dhs/AppData/Local/stm32cube/bundles/gnu-tools-for-stm32/14.3.1+st.2/bin/../lib/gcc/arm-none-eabi/14.3.1/../../../../arm-none-eabi/lib/thumb/v8-m.main+fp/hard\libg_nano.a
LOAD C:/Users/dhs/AppData/Local/stm32cube/bundles/gnu-tools-for-stm32/14.3.1+st.2/bin/../lib/gcc/arm-none-eabi/14.3.1/../../../../arm-none-eabi/lib/thumb/v8-m.main+fp/hard\libc_nano.a
END GROUP
START GROUP
LOAD C:/Users/dhs/AppData/Local/stm32cube/bundles/gnu-tools-for-stm32/14.3.1+st.2/bin/../lib/gcc/arm-none-eabi/14.3.1/thumb/v8-m.main+fp/hard\libgcc.a
LOAD C:/Users/dhs/AppData/Local/stm32cube/bundles/gnu-tools-for-stm32/14.3.1+st.2/bin/../lib/gcc/arm-none-eabi/14.3.1/../../../../arm-none-eabi/lib/thumb/v8-m.main+fp/hard\libc_nano.a
END GROUP
LOAD C:/Users/dhs/AppData/Local/stm32cube/bundles/gnu-tools-for-stm32/14.3.1+st.2/bin/../lib/gcc/arm-none-eabi/14.3.1/thumb/v8-m.main+fp/hard/crtend.o
LOAD C:/Users/dhs/AppData/Local/stm32cube/bundles/gnu-tools-for-stm32/14.3.1+st.2/bin/../lib/gcc/arm-none-eabi/14.3.1/thumb/v8-m.main+fp/hard/crtn.o
                0x200c0000                        _estack = (ORIGIN (RAM) + LENGTH (RAM))
                0x00000200                        _Min_Heap_Size = 0x200
                0x00000400                        _Min_Stack_Size = 0x400

.isr_vector     0x08000000      0x238
                0x08000000                        . = ALIGN (0x8)
 *(.isr_vector)
 .isr_vector    0x08000000      0x238 CMakeFiles/fmc-320u-v2.dir/startup_stm32u575xx.s.obj
                0x08000000                g_pfnVectors
                0x08000238                        . = ALIGN (0x8)

.text           0x08000238     0x6cc8
                0x08000238                        . = ALIGN (0x8)
 *(.text)
 .text          0x08000238       0x40 C:/Users/dhs/AppData/Local/stm32cube/bundles/gnu-tools-for-stm32/14.3.1+st.2/bin/../lib/gcc/arm-none-eabi/14.3.1/thumb/v8-m.main+fp/hard/crtbegin.o
 .text          0x08000278       0x30 C:/Users/dhs/AppData/Local/stm32cube/bundles/gnu-tools-for-stm32/14.3.1+st.2/bin/../lib/gcc/arm-none-eabi/14.3.1/thumb/v8-m.main+fp/hard\libgcc.a(_aeabi_uldivmod.o)
                0x08000278                __aeabi_uldivmod
 .text          0x080002a8      0x34c C:/Users/dhs/AppData/Local/stm32cube/bundles/gnu-tools-for-stm32/14.3.1+st.2/bin/../lib/gcc/arm-none-eabi/14.3.1/thumb/v8-m.main+fp/hard\libgcc.a(_udivmoddi4.o)
                0x080002a8                __udivmoddi4
 .text          0x080005f4        0x4 C:/Users/dhs/AppData/Local/stm32cube/bundles/gnu-tools-for-stm32/14.3.1+st.2/bin/../lib/gcc/arm-none-eabi/14.3.1/thumb/v8-m.main+fp/hard\libgcc.a(_dvmd_tls.o)
                0x080005f4                __aeabi_idiv0
                0x080005f4                __aeabi_ldiv0
 *(.text*)
 .text.SystemInit
                0x080005f8       0x70 cmake/stm32cubemx/CMakeFiles/STM32_Drivers.dir/__/__/Core/Src/system_stm32u5xx.c.obj
                0x080005f8                SystemInit
 .text.__NVIC_SetPriorityGrouping
                0x08000668       0x48 cmake/stm32cubemx/CMakeFiles/STM32_Drivers.dir/__/__/Drivers/STM32U5xx_HAL_Driver/Src/stm32u5xx_hal_cortex.c.obj
 .text.__NVIC_GetPriorityGrouping
                0x080006b0       0x1c cmake/stm32cubemx/CMakeFiles/STM32_Drivers.dir/__/__/Drivers/STM32U5xx_HAL_Driver/Src/stm32u5xx_hal_cortex.c.obj
 .text.__NVIC_SetPriority
                0x080006cc       0x54 cmake/stm32cubemx/CMakeFiles/STM32_Drivers.dir/__/__/Drivers/STM32U5xx_HAL_Driver/Src/stm32u5xx_hal_cortex.c.obj
 .text.NVIC_EncodePriority
                0x08000720       0x66 cmake/stm32cubemx/CMakeFiles/STM32_Drivers.dir/__/__/Drivers/STM32U5xx_HAL_Driver/Src/stm32u5xx_hal_cortex.c.obj
 .text.HAL_NVIC_SetPriorityGrouping
                0x08000786       0x16 cmake/stm32cubemx/CMakeFiles/STM32_Drivers.dir/__/__/Drivers/STM32U5xx_HAL_Driver/Src/stm32u5xx_hal_cortex.c.obj
                0x08000786                HAL_NVIC_SetPriorityGrouping
 .text.HAL_NVIC_SetPriority
                0x0800079c       0x34 cmake/stm32cubemx/CMakeFiles/STM32_Drivers.dir/__/__/Drivers/STM32U5xx_HAL_Driver/Src/stm32u5xx_hal_cortex.c.obj
                0x0800079c                HAL_NVIC_SetPriority
 .text.HAL_SYSTICK_Config
                0x080007d0       0x44 cmake/stm32cubemx/CMakeFiles/STM32_Drivers.dir/__/__/Drivers/STM32U5xx_HAL_Driver/Src/stm32u5xx_hal_cortex.c.obj
                0x080007d0                HAL_SYSTICK_Config
 .text.HAL_SYSTICK_CLKSourceConfig
                0x08000814       0xb0 cmake/stm32cubemx/CMakeFiles/STM32_Drivers.dir/__/__/Drivers/STM32U5xx_HAL_Driver/Src/stm32u5xx_hal_cortex.c.obj
                0x08000814                HAL_SYSTICK_CLKSourceConfig
 .text.HAL_SYSTICK_GetCLKSourceConfig
                0x080008c4       0x74 cmake/stm32cubemx/CMakeFiles/STM32_Drivers.dir/__/__/Drivers/STM32U5xx_HAL_Driver/Src/stm32u5xx_hal_cortex.c.obj
                0x080008c4                HAL_SYSTICK_GetCLKSourceConfig
 .text.HAL_Init
                0x08000938       0x60 cmake/stm32cubemx/CMakeFiles/STM32_Drivers.dir/__/__/Drivers/STM32U5xx_HAL_Driver/Src/stm32u5xx_hal.c.obj
                0x08000938                HAL_Init
 .text.HAL_InitTick
                0x08000998       0xec cmake/stm32cubemx/CMakeFiles/STM32_Drivers.dir/__/__/Drivers/STM32U5xx_HAL_Driver/Src/stm32u5xx_hal.c.obj
                0x08000998                HAL_InitTick
 .text.HAL_IncTick
                0x08000a84       0x28 cmake/stm32cubemx/CMakeFiles/STM32_Drivers.dir/__/__/Drivers/STM32U5xx_HAL_Driver/Src/stm32u5xx_hal.c.obj
                0x08000a84                HAL_IncTick
 .text.HAL_GetTick
                0x08000aac       0x18 cmake/stm32cubemx/CMakeFiles/STM32_Drivers.dir/__/__/Drivers/STM32U5xx_HAL_Driver/Src/stm32u5xx_hal.c.obj
                0x08000aac                HAL_GetTick
 .text.HAL_Delay
                0x08000ac4       0x48 cmake/stm32cubemx/CMakeFiles/STM32_Drivers.dir/__/__/Drivers/STM32U5xx_HAL_Driver/Src/stm32u5xx_hal.c.obj
                0x08000ac4                HAL_Delay
 .text.HAL_RCC_OscConfig
                0x08000b0c      0xdb8 cmake/stm32cubemx/CMakeFiles/STM32_Drivers.dir/__/__/Drivers/STM32U5xx_HAL_Driver/Src/stm32u5xx_hal_rcc.c.obj
                0x08000b0c                HAL_RCC_OscConfig
 .text.HAL_RCC_ClockConfig
                0x080018c4      0x3e4 cmake/stm32cubemx/CMakeFiles/STM32_Drivers.dir/__/__/Drivers/STM32U5xx_HAL_Driver/Src/stm32u5xx_hal_rcc.c.obj
                0x080018c4                HAL_RCC_ClockConfig
 .text.HAL_RCC_GetSysClockFreq
                0x08001ca8      0x204 cmake/stm32cubemx/CMakeFiles/STM32_Drivers.dir/__/__/Drivers/STM32U5xx_HAL_Driver/Src/stm32u5xx_hal_rcc.c.obj
                0x08001ca8                HAL_RCC_GetSysClockFreq
 .text.HAL_RCC_GetHCLKFreq
                0x08001eac       0x34 cmake/stm32cubemx/CMakeFiles/STM32_Drivers.dir/__/__/Drivers/STM32U5xx_HAL_Driver/Src/stm32u5xx_hal_rcc.c.obj
                0x08001eac                HAL_RCC_GetHCLKFreq
 .text.HAL_RCC_GetPCLK1Freq
                0x08001ee0       0x28 cmake/stm32cubemx/CMakeFiles/STM32_Drivers.dir/__/__/Drivers/STM32U5xx_HAL_Driver/Src/stm32u5xx_hal_rcc.c.obj
                0x08001ee0                HAL_RCC_GetPCLK1Freq
 .text.HAL_RCC_GetPCLK2Freq
                0x08001f08       0x28 cmake/stm32cubemx/CMakeFiles/STM32_Drivers.dir/__/__/Drivers/STM32U5xx_HAL_Driver/Src/stm32u5xx_hal_rcc.c.obj
                0x08001f08                HAL_RCC_GetPCLK2Freq
 .text.HAL_RCC_GetPCLK3Freq
                0x08001f30       0x28 cmake/stm32cubemx/CMakeFiles/STM32_Drivers.dir/__/__/Drivers/STM32U5xx_HAL_Driver/Src/stm32u5xx_hal_rcc.c.obj
                0x08001f30                HAL_RCC_GetPCLK3Freq
 .text.RCC_SetFlashLatencyFromMSIRange
                0x08001f58      0x10c cmake/stm32cubemx/CMakeFiles/STM32_Drivers.dir/__/__/Drivers/STM32U5xx_HAL_Driver/Src/stm32u5xx_hal_rcc.c.obj
 .text.HAL_RCCEx_PeriphCLKConfig
                0x08002064      0xb48 cmake/stm32cubemx/CMakeFiles/STM32_Drivers.dir/__/__/Drivers/STM32U5xx_HAL_Driver/Src/stm32u5xx_hal_rcc_ex.c.obj
                0x08002064                HAL_RCCEx_PeriphCLKConfig
 .text.HAL_RCCEx_GetPLL1ClockFreq
                0x08002bac      0x2b4 cmake/stm32cubemx/CMakeFiles/STM32_Drivers.dir/__/__/Drivers/STM32U5xx_HAL_Driver/Src/stm32u5xx_hal_rcc_ex.c.obj
                0x08002bac                HAL_RCCEx_GetPLL1ClockFreq
 .text.HAL_RCCEx_GetPLL2ClockFreq
                0x08002e60      0x2b4 cmake/stm32cubemx/CMakeFiles/STM32_Drivers.dir/__/__/Drivers/STM32U5xx_HAL_Driver/Src/stm32u5xx_hal_rcc_ex.c.obj
                0x08002e60                HAL_RCCEx_GetPLL2ClockFreq
 .text.HAL_RCCEx_GetPLL3ClockFreq
                0x08003114      0x2b4 cmake/stm32cubemx/CMakeFiles/STM32_Drivers.dir/__/__/Drivers/STM32U5xx_HAL_Driver/Src/stm32u5xx_hal_rcc_ex.c.obj
                0x08003114                HAL_RCCEx_GetPLL3ClockFreq
 .text.HAL_RCCEx_GetPeriphCLKFreq
                0x080033c8     0x136c cmake/stm32cubemx/CMakeFiles/STM32_Drivers.dir/__/__/Drivers/STM32U5xx_HAL_Driver/Src/stm32u5xx_hal_rcc_ex.c.obj
                0x080033c8                HAL_RCCEx_GetPeriphCLKFreq
 .text.RCCEx_PLL2_Config
                0x08004734      0x130 cmake/stm32cubemx/CMakeFiles/STM32_Drivers.dir/__/__/Drivers/STM32U5xx_HAL_Driver/Src/stm32u5xx_hal_rcc_ex.c.obj
 .text.RCCEx_PLL3_Config
                0x08004864      0x130 cmake/stm32cubemx/CMakeFiles/STM32_Drivers.dir/__/__/Drivers/STM32U5xx_HAL_Driver/Src/stm32u5xx_hal_rcc_ex.c.obj
 .text.HAL_GPIO_Init
                0x08004994      0x3c0 cmake/stm32cubemx/CMakeFiles/STM32_Drivers.dir/__/__/Drivers/STM32U5xx_HAL_Driver/Src/stm32u5xx_hal_gpio.c.obj
                0x08004994                HAL_GPIO_Init
 .text.HAL_GPIO_ReadPin
                0x08004d54       0x30 cmake/stm32cubemx/CMakeFiles/STM32_Drivers.dir/__/__/Drivers/STM32U5xx_HAL_Driver/Src/stm32u5xx_hal_gpio.c.obj
                0x08004d54                HAL_GPIO_ReadPin
 .text.HAL_GPIO_WritePin
                0x08004d84       0x30 cmake/stm32cubemx/CMakeFiles/STM32_Drivers.dir/__/__/Drivers/STM32U5xx_HAL_Driver/Src/stm32u5xx_hal_gpio.c.obj
                0x08004d84                HAL_GPIO_WritePin
 .text.HAL_PWR_EnableBkUpAccess
                0x08004db4       0x20 cmake/stm32cubemx/CMakeFiles/STM32_Drivers.dir/__/__/Drivers/STM32U5xx_HAL_Driver/Src/stm32u5xx_hal_pwr.c.obj
                0x08004db4                HAL_PWR_EnableBkUpAccess
 .text.HAL_PWREx_ControlVoltageScaling
                0x08004dd4       0xfc cmake/stm32cubemx/CMakeFiles/STM32_Drivers.dir/__/__/Drivers/STM32U5xx_HAL_Driver/Src/stm32u5xx_hal_pwr_ex.c.obj
                0x08004dd4                HAL_PWREx_ControlVoltageScaling
 .text.HAL_PWREx_GetVoltageRange
                0x08004ed0       0x1c cmake/stm32cubemx/CMakeFiles/STM32_Drivers.dir/__/__/Drivers/STM32U5xx_HAL_Driver/Src/stm32u5xx_hal_pwr_ex.c.obj
                0x08004ed0                HAL_PWREx_GetVoltageRange
 .text.HAL_UART_Init
                0x08004eec       0xa0 cmake/stm32cubemx/CMakeFiles/STM32_Drivers.dir/__/__/Drivers/STM32U5xx_HAL_Driver/Src/stm32u5xx_hal_uart.c.obj
                0x08004eec                HAL_UART_Init
 .text.HAL_UART_Transmit
                0x08004f8c      0x13c cmake/stm32cubemx/CMakeFiles/STM32_Drivers.dir/__/__/Drivers/STM32U5xx_HAL_Driver/Src/stm32u5xx_hal_uart.c.obj
                0x08004f8c                HAL_UART_Transmit
 .text.UART_SetConfig
                0x080050c8      0x344 cmake/stm32cubemx/CMakeFiles/STM32_Drivers.dir/__/__/Drivers/STM32U5xx_HAL_Driver/Src/stm32u5xx_hal_uart.c.obj
                0x080050c8                UART_SetConfig
 .text.UART_AdvFeatureConfig
                0x0800540c      0x144 cmake/stm32cubemx/CMakeFiles/STM32_Drivers.dir/__/__/Drivers/STM32U5xx_HAL_Driver/Src/stm32u5xx_hal_uart.c.obj
                0x0800540c                UART_AdvFeatureConfig
 .text.UART_CheckIdleState
                0x08005550      0x154 cmake/stm32cubemx/CMakeFiles/STM32_Drivers.dir/__/__/Drivers/STM32U5xx_HAL_Driver/Src/stm32u5xx_hal_uart.c.obj
                0x08005550                UART_CheckIdleState
 .text.UART_WaitOnFlagUntilTimeout
                0x080056a4       0xda cmake/stm32cubemx/CMakeFiles/STM32_Drivers.dir/__/__/Drivers/STM32U5xx_HAL_Driver/Src/stm32u5xx_hal_uart.c.obj
                0x080056a4                UART_WaitOnFlagUntilTimeout
 .text.UART_EndRxTransfer
                0x0800577e       0xcc cmake/stm32cubemx/CMakeFiles/STM32_Drivers.dir/__/__/Drivers/STM32U5xx_HAL_Driver/Src/stm32u5xx_hal_uart.c.obj
 .text.HAL_UARTEx_DisableFifoMode
                0x0800584a       0x72 cmake/stm32cubemx/CMakeFiles/STM32_Drivers.dir/__/__/Drivers/STM32U5xx_HAL_Driver/Src/stm32u5xx_hal_uart_ex.c.obj
                0x0800584a                HAL_UARTEx_DisableFifoMode
 .text.HAL_UARTEx_SetTxFifoThreshold
                0x080058bc       0x7c cmake/stm32cubemx/CMakeFiles/STM32_Drivers.dir/__/__/Drivers/STM32U5xx_HAL_Driver/Src/stm32u5xx_hal_uart_ex.c.obj
                0x080058bc                HAL_UARTEx_SetTxFifoThreshold
 .text.HAL_UARTEx_SetRxFifoThreshold
                0x08005938       0x7c cmake/stm32cubemx/CMakeFiles/STM32_Drivers.dir/__/__/Drivers/STM32U5xx_HAL_Driver/Src/stm32u5xx_hal_uart_ex.c.obj
                0x08005938                HAL_UARTEx_SetRxFifoThreshold
 .text.UARTEx_SetNbDataToProcess
                0x080059b4       0x9c cmake/stm32cubemx/CMakeFiles/STM32_Drivers.dir/__/__/Drivers/STM32U5xx_HAL_Driver/Src/stm32u5xx_hal_uart_ex.c.obj
 .text.main     0x08005a50       0x14 CMakeFiles/fmc-320u-v2.dir/Core/Src/main.c.obj
                0x08005a50                main
 .text.SystemClock_Config
                0x08005a64       0xb0 CMakeFiles/fmc-320u-v2.dir/Core/Src/main.c.obj
                0x08005a64                SystemClock_Config
 .text.Error_Handler
                0x08005b14        0xc CMakeFiles/fmc-320u-v2.dir/Core/Src/main.c.obj
                0x08005b14                Error_Handler
 .text.HAL_UART_MspInit
                0x08005b20       0xd0 CMakeFiles/fmc-320u-v2.dir/Core/Src/usart.c.obj
                0x08005b20                HAL_UART_MspInit
 .text.NMI_Handler
                0x08005bf0        0x8 CMakeFiles/fmc-320u-v2.dir/Core/Src/stm32u5xx_it.c.obj
                0x08005bf0                NMI_Handler
 .text.HardFault_Handler
                0x08005bf8        0x8 CMakeFiles/fmc-320u-v2.dir/Core/Src/stm32u5xx_it.c.obj
                0x08005bf8                HardFault_Handler
 .text.MemManage_Handler
                0x08005c00        0x8 CMakeFiles/fmc-320u-v2.dir/Core/Src/stm32u5xx_it.c.obj
                0x08005c00                MemManage_Handler
 .text.BusFault_Handler
                0x08005c08        0x8 CMakeFiles/fmc-320u-v2.dir/Core/Src/stm32u5xx_it.c.obj
                0x08005c08                BusFault_Handler
 .text.UsageFault_Handler
                0x08005c10        0x8 CMakeFiles/fmc-320u-v2.dir/Core/Src/stm32u5xx_it.c.obj
                0x08005c10                UsageFault_Handler
 .text.SVC_Handler
                0x08005c18        0xe CMakeFiles/fmc-320u-v2.dir/Core/Src/stm32u5xx_it.c.obj
                0x08005c18                SVC_Handler
 .text.DebugMon_Handler
                0x08005c26        0xe CMakeFiles/fmc-320u-v2.dir/Core/Src/stm32u5xx_it.c.obj
                0x08005c26                DebugMon_Handler
 .text.PendSV_Handler
                0x08005c34        0xe CMakeFiles/fmc-320u-v2.dir/Core/Src/stm32u5xx_it.c.obj
                0x08005c34                PendSV_Handler
 .text.SysTick_Handler
                0x08005c42        0xc CMakeFiles/fmc-320u-v2.dir/Core/Src/stm32u5xx_it.c.obj
                0x08005c42                SysTick_Handler
 *fill*         0x08005c4e        0x2 
 .text.HAL_MspInit
                0x08005c50       0x34 CMakeFiles/fmc-320u-v2.dir/Core/Src/stm32u5xx_hal_msp.c.obj
                0x08005c50                HAL_MspInit
 .text._sbrk    0x08005c84       0x6c CMakeFiles/fmc-320u-v2.dir/Core/Src/sysmem.c.obj
                0x08005c84                _sbrk
 .text.Reset_Handler
                0x08005cf0       0x50 CMakeFiles/fmc-320u-v2.dir/startup_stm32u575xx.s.obj
                0x08005cf0                Reset_Handler
 .text.Default_Handler
                0x08005d40        0x2 CMakeFiles/fmc-320u-v2.dir/startup_stm32u575xx.s.obj
                0x08005d40                EXTI2_IRQHandler
                0x08005d40                TIM8_TRG_COM_IRQHandler
                0x08005d40                TIM8_CC_IRQHandler
                0x08005d40                EXTI5_IRQHandler
                0x08005d40                FLASH_S_IRQHandler
                0x08005d40                EXTI13_IRQHandler
                0x08005d40                TIM1_CC_IRQHandler
                0x08005d40                TSC_IRQHandler
                0x08005d40                TAMP_IRQHandler
                0x08005d40                TIM6_IRQHandler
                0x08005d40                EXTI12_IRQHandler
                0x08005d40                CORDIC_IRQHandler
                0x08005d40                EXTI3_IRQHandler
                0x08005d40                LPTIM4_IRQHandler
                0x08005d40                GPDMA1_Channel5_IRQHandler
                0x08005d40                EXTI8_IRQHandler
                0x08005d40                LPTIM2_IRQHandler
                0x08005d40                I2C3_ER_IRQHandler
                0x08005d40                PWR_S3WU_IRQHandler
                0x08005d40                MDF1_FLT2_IRQHandler
                0x08005d40                LPDMA1_Channel3_IRQHandler
                0x08005d40                LPTIM3_IRQHandler
                0x08005d40                EXTI0_IRQHandler
                0x08005d40                I2C2_EV_IRQHandler
                0x08005d40                FPU_IRQHandler
                0x08005d40                GPDMA1_Channel3_IRQHandler
                0x08005d40                GPDMA1_Channel7_IRQHandler
                0x08005d40                MDF1_FLT4_IRQHandler
                0x08005d40                FDCAN1_IT1_IRQHandler
                0x08005d40                RAMCFG_IRQHandler
                0x08005d40                GPDMA1_Channel9_IRQHandler
                0x08005d40                DCACHE1_IRQHandler
                0x08005d40                SPI1_IRQHandler
                0x08005d40                OCTOSPI1_IRQHandler
                0x08005d40                GPDMA1_Channel2_IRQHandler
                0x08005d40                TIM8_UP_IRQHandler
                0x08005d40                RCC_S_IRQHandler
                0x08005d40                OCTOSPI2_IRQHandler
                0x08005d40                SAI2_IRQHandler
                0x08005d40                MDF1_FLT1_IRQHandler
                0x08005d40                ADC1_IRQHandler
                0x08005d40                MDF1_FLT5_IRQHandler
                0x08005d40                EXTI15_IRQHandler
                0x08005d40                TIM17_IRQHandler
                0x08005d40                USART3_IRQHandler
                0x08005d40                RTC_IRQHandler
                0x08005d40                EXTI9_IRQHandler
                0x08005d40                UART5_IRQHandler
                0x08005d40                TIM4_IRQHandler
                0x08005d40                I2C1_EV_IRQHandler
                0x08005d40                GPDMA1_Channel12_IRQHandler
                0x08005d40                GPDMA1_Channel1_IRQHandler
                0x08005d40                TIM16_IRQHandler
                0x08005d40                GPDMA1_Channel15_IRQHandler
                0x08005d40                UART4_IRQHandler
                0x08005d40                SecureFault_Handler
                0x08005d40                TIM3_IRQHandler
                0x08005d40                RCC_IRQHandler
                0x08005d40                TIM1_TRG_COM_IRQHandler
                0x08005d40                Default_Handler
                0x08005d40                GPDMA1_Channel8_IRQHandler
                0x08005d40                FMAC_IRQHandler
                0x08005d40                GPDMA1_Channel11_IRQHandler
                0x08005d40                TIM7_IRQHandler
                0x08005d40                SDMMC1_IRQHandler
                0x08005d40                TIM5_IRQHandler
                0x08005d40                UCPD1_IRQHandler
                0x08005d40                GPDMA1_Channel0_IRQHandler
                0x08005d40                TIM15_IRQHandler
                0x08005d40                I2C3_EV_IRQHandler
                0x08005d40                LPDMA1_Channel0_IRQHandler
                0x08005d40                PVD_PVM_IRQHandler
                0x08005d40                SPI2_IRQHandler
                0x08005d40                LPDMA1_Channel1_IRQHandler
                0x08005d40                EXTI14_IRQHandler
                0x08005d40                EXTI11_IRQHandler
                0x08005d40                CRS_IRQHandler
                0x08005d40                GPDMA1_Channel14_IRQHandler
                0x08005d40                LSECSSD_IRQHandler
                0x08005d40                EXTI4_IRQHandler
                0x08005d40                RTC_S_IRQHandler
                0x08005d40                GPDMA1_Channel13_IRQHandler
                0x08005d40                RNG_IRQHandler
                0x08005d40                COMP_IRQHandler
                0x08005d40                TIM1_UP_IRQHandler
                0x08005d40                ADC4_IRQHandler
                0x08005d40                WWDG_IRQHandler
                0x08005d40                I2C4_EV_IRQHandler
                0x08005d40                ADF1_IRQHandler
                0x08005d40                IWDG_IRQHandler
                0x08005d40                LPUART1_IRQHandler
                0x08005d40                MDF1_FLT0_IRQHandler
                0x08005d40                FDCAN1_IT0_IRQHandler
                0x08005d40                TIM2_IRQHandler
                0x08005d40                GPDMA1_Channel4_IRQHandler
                0x08005d40                EXTI7_IRQHandler
                0x08005d40                DMA2D_IRQHandler
                0x08005d40                TIM1_BRK_IRQHandler
                0x08005d40                EXTI1_IRQHandler
                0x08005d40                SDMMC2_IRQHandler
                0x08005d40                DAC1_IRQHandler
                0x08005d40                GTZC_IRQHandler
                0x08005d40                MDF1_FLT3_IRQHandler
                0x08005d40                USART2_IRQHandler
                0x08005d40                GPDMA1_Channel6_IRQHandler
                0x08005d40                I2C2_ER_IRQHandler
                0x08005d40                TIM8_BRK_IRQHandler
                0x08005d40                FLASH_IRQHandler
                0x08005d40                USART1_IRQHandler
                0x08005d40                EXTI10_IRQHandler
                0x08005d40                OTG_FS_IRQHandler
                0x08005d40                SPI3_IRQHandler
                0x08005d40                LPDMA1_Channel2_IRQHandler
                0x08005d40                I2C1_ER_IRQHandler
                0x08005d40                FMC_IRQHandler
                0x08005d40                EXTI6_IRQHandler
                0x08005d40                LPTIM1_IRQHandler
                0x08005d40                DCMI_PSSI_IRQHandler
                0x08005d40                I2C4_ER_IRQHandler
                0x08005d40                GPDMA1_Channel10_IRQHandler
                0x08005d40                ICACHE_IRQHandler
                0x08005d40                SAI1_IRQHandler
                0x08005d40                HASH_IRQHandler
 .text.FM_MAIN_Init
                0x08005d42       0x10 CMakeFiles/fmc-320u-v2.dir/01_app/fm_main.c.obj
                0x08005d42                FM_MAIN_Init
 *fill*         0x08005d52        0x2 
 .text.FM_MAIN_Main
                0x08005d54       0x54 CMakeFiles/fmc-320u-v2.dir/01_app/fm_main.c.obj
                0x08005d54                FM_MAIN_Main
 .text.FM_DEBUG_Init
                0x08005da8       0x48 CMakeFiles/fmc-320u-v2.dir/libs/fm_debug.c.obj
                0x08005da8                FM_DEBUG_Init
 .text.FM_DEBUG_RefreshJumpers
                0x08005df0       0x28 CMakeFiles/fmc-320u-v2.dir/libs/fm_debug.c.obj
                0x08005df0                FM_DEBUG_RefreshJumpers
 .text.FM_DEBUG_LedsAreEnabled
                0x08005e18       0x18 CMakeFiles/fmc-320u-v2.dir/libs/fm_debug.c.obj
                0x08005e18                FM_DEBUG_LedsAreEnabled
 .text.FM_DEBUG_ClearErrors
                0x08005e30       0x54 CMakeFiles/fmc-320u-v2.dir/libs/fm_debug.c.obj
                0x08005e30                FM_DEBUG_ClearErrors
 .text.FM_DEBUG_LedSignal
                0x08005e84       0x34 CMakeFiles/fmc-320u-v2.dir/libs/fm_debug.c.obj
                0x08005e84                FM_DEBUG_LedSignal
 .text.FM_DEBUG_UartMsg
                0x08005eb8       0x4c CMakeFiles/fmc-320u-v2.dir/libs/fm_debug.c.obj
                0x08005eb8                FM_DEBUG_UartMsg
 .text.FM_DEBUG_Flush
                0x08005f04      0x12c CMakeFiles/fmc-320u-v2.dir/libs/fm_debug.c.obj
                0x08005f04                FM_DEBUG_Flush
 .text.FM_BOARD_Init
                0x08006030       0x14 CMakeFiles/fmc-320u-v2.dir/bsp/fm_board.c.obj
                0x08006030                FM_BOARD_Init
 .text.FM_BOARD_DebugMsgEnabled
                0x08006044        0xe CMakeFiles/fmc-320u-v2.dir/bsp/fm_board.c.obj
                0x08006044                FM_BOARD_DebugMsgEnabled
 .text.FM_BOARD_DebugLedsEnabled
                0x08006052       0x34 CMakeFiles/fmc-320u-v2.dir/bsp/fm_board.c.obj
                0x08006052                FM_BOARD_DebugLedsEnabled
 .text.FM_BOARD_LedErrorOff
                0x08006086        0xc CMakeFiles/fmc-320u-v2.dir/bsp/fm_board.c.obj
                0x08006086                FM_BOARD_LedErrorOff
 .text.FM_BOARD_LedRunOff
                0x08006092        0xc CMakeFiles/fmc-320u-v2.dir/bsp/fm_board.c.obj
                0x08006092                FM_BOARD_LedRunOff
 .text.FM_BOARD_LedSignalOn
                0x0800609e        0xc CMakeFiles/fmc-320u-v2.dir/bsp/fm_board.c.obj
                0x0800609e                FM_BOARD_LedSignalOn
 .text.FM_BOARD_LedSignalOff
                0x080060aa        0xc CMakeFiles/fmc-320u-v2.dir/bsp/fm_board.c.obj
                0x080060aa                FM_BOARD_LedSignalOff
 .text.FM_BOARD_UartTransmit
                0x080060b6       0x20 CMakeFiles/fmc-320u-v2.dir/bsp/fm_board.c.obj
                0x080060b6                FM_BOARD_UartTransmit
 .text.FM_BOARD_DwtInit
                0x080060d6        0xe CMakeFiles/fmc-320u-v2.dir/bsp/fm_board.c.obj
                0x080060d6                FM_BOARD_DwtInit
 .text.FM_HW_DWT_Init
                0x080060e4       0x38 CMakeFiles/fmc-320u-v2.dir/port/fm_hw_dwt.c.obj
                0x080060e4                FM_HW_DWT_Init
 .text.FM_HW_GPIO_EnableClock
                0x0800611c      0x178 CMakeFiles/fmc-320u-v2.dir/port/fm_hw_gpio.c.obj
 .text.FM_HW_GPIO_ReadJumper
                0x08006294       0x72 CMakeFiles/fmc-320u-v2.dir/port/fm_hw_gpio.c.obj
 *fill*         0x08006306        0x2 
 .text.FM_HW_GPIO_Init
                0x08006308       0xbc CMakeFiles/fmc-320u-v2.dir/port/fm_hw_gpio.c.obj
                0x08006308                FM_HW_GPIO_Init
 .text.FM_HW_GPIO_IsDbgLedEnabled
                0x080063c4       0x18 CMakeFiles/fmc-320u-v2.dir/port/fm_hw_gpio.c.obj
                0x080063c4                FM_HW_GPIO_IsDbgLedEnabled
 .text.FM_HW_GPIO_IsDbgMsgEnabled
                0x080063dc       0x18 CMakeFiles/fmc-320u-v2.dir/port/fm_hw_gpio.c.obj
                0x080063dc                FM_HW_GPIO_IsDbgMsgEnabled
 .text.FM_HW_GPIO_LedErrorOff
                0x080063f4       0x18 CMakeFiles/fmc-320u-v2.dir/port/fm_hw_gpio.c.obj
                0x080063f4                FM_HW_GPIO_LedErrorOff
 .text.FM_HW_GPIO_LedRunOff
                0x0800640c       0x18 CMakeFiles/fmc-320u-v2.dir/port/fm_hw_gpio.c.obj
                0x0800640c                FM_HW_GPIO_LedRunOff
 .text.FM_HW_GPIO_LedSignalOn
                0x08006424       0x18 CMakeFiles/fmc-320u-v2.dir/port/fm_hw_gpio.c.obj
                0x08006424                FM_HW_GPIO_LedSignalOn
 .text.FM_HW_GPIO_LedSignalOff
                0x0800643c       0x18 CMakeFiles/fmc-320u-v2.dir/port/fm_hw_gpio.c.obj
                0x0800643c                FM_HW_GPIO_LedSignalOff
 .text.FM_HW_UART_HandleGet
                0x08006454       0x14 CMakeFiles/fmc-320u-v2.dir/port/fm_hw_uart.c.obj
 .text.FM_HW_UART_Init
                0x08006468       0xa0 CMakeFiles/fmc-320u-v2.dir/port/fm_hw_uart.c.obj
                0x08006468                FM_HW_UART_Init
 .text.FM_HW_UART_Transmit
                0x08006508       0x40 CMakeFiles/fmc-320u-v2.dir/port/fm_hw_uart.c.obj
                0x08006508                FM_HW_UART_Transmit
 .text.snprintf
                0x08006548       0x6c C:/Users/dhs/AppData/Local/stm32cube/bundles/gnu-tools-for-stm32/14.3.1+st.2/bin/../lib/gcc/arm-none-eabi/14.3.1/../../../../arm-none-eabi/lib/thumb/v8-m.main+fp/hard\libg_nano.a(libc_a-snprintf.o)
                0x08006548                sniprintf
                0x08006548                snprintf
 .text.memset   0x080065b4       0x10 C:/Users/dhs/AppData/Local/stm32cube/bundles/gnu-tools-for-stm32/14.3.1+st.2/bin/../lib/gcc/arm-none-eabi/14.3.1/../../../../arm-none-eabi/lib/thumb/v8-m.main+fp/hard\libg_nano.a(libc_a-memset.o)
                0x080065b4                memset
 .text.__errno  0x080065c4        0xc C:/Users/dhs/AppData/Local/stm32cube/bundles/gnu-tools-for-stm32/14.3.1+st.2/bin/../lib/gcc/arm-none-eabi/14.3.1/../../../../arm-none-eabi/lib/thumb/v8-m.main+fp/hard\libg_nano.a(libc_a-errno.o)
                0x080065c4                __errno
 .text.__libc_init_array
                0x080065d0       0x48 C:/Users/dhs/AppData/Local/stm32cube/bundles/gnu-tools-for-stm32/14.3.1+st.2/bin/../lib/gcc/arm-none-eabi/14.3.1/../../../../arm-none-eabi/lib/thumb/v8-m.main+fp/hard\libg_nano.a(libc_a-init.o)
                0x080065d0                __libc_init_array
 .text.__retarget_lock_acquire_recursive
                0x08006618        0x2 C:/Users/dhs/AppData/Local/stm32cube/bundles/gnu-tools-for-stm32/14.3.1+st.2/bin/../lib/gcc/arm-none-eabi/14.3.1/../../../../arm-none-eabi/lib/thumb/v8-m.main+fp/hard\libg_nano.a(libc_a-lock.o)
                0x08006618                __retarget_lock_acquire_recursive
 .text.__retarget_lock_release_recursive
                0x0800661a        0x2 C:/Users/dhs/AppData/Local/stm32cube/bundles/gnu-tools-for-stm32/14.3.1+st.2/bin/../lib/gcc/arm-none-eabi/14.3.1/../../../../arm-none-eabi/lib/thumb/v8-m.main+fp/hard\libg_nano.a(libc_a-lock.o)
                0x0800661a                __retarget_lock_release_recursive
 .text._free_r  0x0800661c       0x94 C:/Users/dhs/AppData/Local/stm32cube/bundles/gnu-tools-for-stm32/14.3.1+st.2/bin/../lib/gcc/arm-none-eabi/14.3.1/../../../../arm-none-eabi/lib/thumb/v8-m.main+fp/hard\libg_nano.a(libc_a-freer.o)
                0x0800661c                _free_r
 .text.sbrk_aligned
                0x080066b0       0x44 C:/Users/dhs/AppData/Local/stm32cube/bundles/gnu-tools-for-stm32/14.3.1+st.2/bin/../lib/gcc/arm-none-eabi/14.3.1/../../../../arm-none-eabi/lib/thumb/v8-m.main+fp/hard\libg_nano.a(libc_a-mallocr.o)
 .text._malloc_r
                0x080066f4      0x100 C:/Users/dhs/AppData/Local/stm32cube/bundles/gnu-tools-for-stm32/14.3.1+st.2/bin/../lib/gcc/arm-none-eabi/14.3.1/../../../../arm-none-eabi/lib/thumb/v8-m.main+fp/hard\libg_nano.a(libc_a-mallocr.o)
                0x080066f4                _malloc_r
 .text.__malloc_lock
                0x080067f4        0xc C:/Users/dhs/AppData/Local/stm32cube/bundles/gnu-tools-for-stm32/14.3.1+st.2/bin/../lib/gcc/arm-none-eabi/14.3.1/../../../../arm-none-eabi/lib/thumb/v8-m.main+fp/hard\libg_nano.a(libc_a-mlock.o)
                0x080067f4                __malloc_lock
 .text.__malloc_unlock
                0x08006800        0xc C:/Users/dhs/AppData/Local/stm32cube/bundles/gnu-tools-for-stm32/14.3.1+st.2/bin/../lib/gcc/arm-none-eabi/14.3.1/../../../../arm-none-eabi/lib/thumb/v8-m.main+fp/hard\libg_nano.a(libc_a-mlock.o)
                0x08006800                __malloc_unlock
 .text.__ssputs_r
                0x0800680c       0xc0 C:/Users/dhs/AppData/Local/stm32cube/bundles/gnu-tools-for-stm32/14.3.1+st.2/bin/../lib/gcc/arm-none-eabi/14.3.1/../../../../arm-none-eabi/lib/thumb/v8-m.main+fp/hard\libg_nano.a(libc_a-nano-svfprintf.o)
                0x0800680c                __ssputs_r
 .text._svfprintf_r
                0x080068cc      0x1f0 C:/Users/dhs/AppData/Local/stm32cube/bundles/gnu-tools-for-stm32/14.3.1+st.2/bin/../lib/gcc/arm-none-eabi/14.3.1/../../../../arm-none-eabi/lib/thumb/v8-m.main+fp/hard\libg_nano.a(libc_a-nano-svfprintf.o)
                0x080068cc                _svfiprintf_r
                0x080068cc                _svfprintf_r
 .text._printf_common
                0x08006abc       0xe4 C:/Users/dhs/AppData/Local/stm32cube/bundles/gnu-tools-for-stm32/14.3.1+st.2/bin/../lib/gcc/arm-none-eabi/14.3.1/../../../../arm-none-eabi/lib/thumb/v8-m.main+fp/hard\libg_nano.a(libc_a-nano-vfprintf_i.o)
                0x08006abc                _printf_common
 .text._printf_i
                0x08006ba0      0x24c C:/Users/dhs/AppData/Local/stm32cube/bundles/gnu-tools-for-stm32/14.3.1+st.2/bin/../lib/gcc/arm-none-eabi/14.3.1/../../../../arm-none-eabi/lib/thumb/v8-m.main+fp/hard\libg_nano.a(libc_a-nano-vfprintf_i.o)
                0x08006ba0                _printf_i
 .text.memmove  0x08006dec       0x32 C:/Users/dhs/AppData/Local/stm32cube/bundles/gnu-tools-for-stm32/14.3.1+st.2/bin/../lib/gcc/arm-none-eabi/14.3.1/../../../../arm-none-eabi/lib/thumb/v8-m.main+fp/hard\libg_nano.a(libc_a-memmove.o)
                0x08006dec                memmove
 *fill*         0x08006e1e        0x2 
 .text._sbrk_r  0x08006e20       0x20 C:/Users/dhs/AppData/Local/stm32cube/bundles/gnu-tools-for-stm32/14.3.1+st.2/bin/../lib/gcc/arm-none-eabi/14.3.1/../../../../arm-none-eabi/lib/thumb/v8-m.main+fp/hard\libg_nano.a(libc_a-sbrkr.o)
                0x08006e20                _sbrk_r
 .text.memchr   0x08006e40       0x1c C:/Users/dhs/AppData/Local/stm32cube/bundles/gnu-tools-for-stm32/14.3.1+st.2/bin/../lib/gcc/arm-none-eabi/14.3.1/../../../../arm-none-eabi/lib/thumb/v8-m.main+fp/hard\libg_nano.a(libc_a-memchr-stub.o)
                0x08006e40                memchr
 .text.memcpy   0x08006e5c       0x1a C:/Users/dhs/AppData/Local/stm32cube/bundles/gnu-tools-for-stm32/14.3.1+st.2/bin/../lib/gcc/arm-none-eabi/14.3.1/../../../../arm-none-eabi/lib/thumb/v8-m.main+fp/hard\libg_nano.a(libc_a-memcpy-stub.o)
                0x08006e5c                memcpy
 .text._realloc_r
                0x08006e76       0x5c C:/Users/dhs/AppData/Local/stm32cube/bundles/gnu-tools-for-stm32/14.3.1+st.2/bin/../lib/gcc/arm-none-eabi/14.3.1/../../../../arm-none-eabi/lib/thumb/v8-m.main+fp/hard\libg_nano.a(libc_a-reallocr.o)
                0x08006e76                _realloc_r
 .text._malloc_usable_size_r
                0x08006ed2       0x10 C:/Users/dhs/AppData/Local/stm32cube/bundles/gnu-tools-for-stm32/14.3.1+st.2/bin/../lib/gcc/arm-none-eabi/14.3.1/../../../../arm-none-eabi/lib/thumb/v8-m.main+fp/hard\libg_nano.a(libc_a-msizer.o)
                0x08006ed2                _malloc_usable_size_r
 *(.glue_7)
 .glue_7        0x08006ee2        0x0 linker stubs
 *(.glue_7t)
 .glue_7t       0x08006ee2        0x0 linker stubs
 *(.eh_frame)
 *fill*         0x08006ee2        0x2 
 .eh_frame      0x08006ee4        0x0 C:/Users/dhs/AppData/Local/stm32cube/bundles/gnu-tools-for-stm32/14.3.1+st.2/bin/../lib/gcc/arm-none-eabi/14.3.1/thumb/v8-m.main+fp/hard/crtbegin.o
 *(.init)
 .init          0x08006ee4        0x4 C:/Users/dhs/AppData/Local/stm32cube/bundles/gnu-tools-for-stm32/14.3.1+st.2/bin/../lib/gcc/arm-none-eabi/14.3.1/thumb/v8-m.main+fp/hard/crti.o
                0x08006ee4                _init
 .init          0x08006ee8        0x8 C:/Users/dhs/AppData/Local/stm32cube/bundles/gnu-tools-for-stm32/14.3.1+st.2/bin/../lib/gcc/arm-none-eabi/14.3.1/thumb/v8-m.main+fp/hard/crtn.o
 *(.fini)
 .fini          0x08006ef0        0x4 C:/Users/dhs/AppData/Local/stm32cube/bundles/gnu-tools-for-stm32/14.3.1+st.2/bin/../lib/gcc/arm-none-eabi/14.3.1/thumb/v8-m.main+fp/hard/crti.o
                0x08006ef0                _fini
 .fini          0x08006ef4        0x8 C:/Users/dhs/AppData/Local/stm32cube/bundles/gnu-tools-for-stm32/14.3.1+st.2/bin/../lib/gcc/arm-none-eabi/14.3.1/thumb/v8-m.main+fp/hard/crtn.o
                0x08006f00                        . = ALIGN (0x8)
 *fill*         0x08006efc        0x4 
                0x08006f00                        _etext = .

.vfp11_veneer   0x08006f00        0x0
 .vfp11_veneer  0x08006f00        0x0 linker stubs

.v4_bx          0x08006f00        0x0
 .v4_bx         0x08006f00        0x0 linker stubs

.iplt           0x08006f00        0x0
 .iplt          0x08006f00        0x0 C:/Users/dhs/AppData/Local/stm32cube/bundles/gnu-tools-for-stm32/14.3.1+st.2/bin/../lib/gcc/arm-none-eabi/14.3.1/thumb/v8-m.main+fp/hard/crtbegin.o

.rodata         0x08006f00      0x1f8
                0x08006f00                        . = ALIGN (0x8)
 *(.rodata)
 .rodata        0x08006f00       0x2d CMakeFiles/fmc-320u-v2.dir/01_app/fm_main.c.obj
 *fill*         0x08006f2d        0x3 
 .rodata        0x08006f30       0x91 CMakeFiles/fmc-320u-v2.dir/libs/fm_debug.c.obj
 *(.rodata*)
 *fill*         0x08006fc1        0x3 
 .rodata.AHBPrescTable
                0x08006fc4       0x10 cmake/stm32cubemx/CMakeFiles/STM32_Drivers.dir/__/__/Core/Src/system_stm32u5xx.c.obj
                0x08006fc4                AHBPrescTable
 .rodata.APBPrescTable
                0x08006fd4        0x8 cmake/stm32cubemx/CMakeFiles/STM32_Drivers.dir/__/__/Core/Src/system_stm32u5xx.c.obj
                0x08006fd4                APBPrescTable
 .rodata.MSIRangeTable
                0x08006fdc       0x40 cmake/stm32cubemx/CMakeFiles/STM32_Drivers.dir/__/__/Core/Src/system_stm32u5xx.c.obj
                0x08006fdc                MSIRangeTable
 .rodata.LPGPIO_Map
                0x0800701c       0x80 cmake/stm32cubemx/CMakeFiles/STM32_Drivers.dir/__/__/Drivers/STM32U5xx_HAL_Driver/Src/stm32u5xx_hal_gpio.c.obj
 .rodata.UARTPrescTable
                0x0800709c       0x18 cmake/stm32cubemx/CMakeFiles/STM32_Drivers.dir/__/__/Drivers/STM32U5xx_HAL_Driver/Src/stm32u5xx_hal_uart.c.obj
                0x0800709c                UARTPrescTable
 .rodata.numerator.1
                0x080070b4        0x8 cmake/stm32cubemx/CMakeFiles/STM32_Drivers.dir/__/__/Drivers/STM32U5xx_HAL_Driver/Src/stm32u5xx_hal_uart_ex.c.obj
 .rodata.denominator.0
                0x080070bc        0x8 cmake/stm32cubemx/CMakeFiles/STM32_Drivers.dir/__/__/Drivers/STM32U5xx_HAL_Driver/Src/stm32u5xx_hal_uart_ex.c.obj
 .rodata._svfprintf_r.str1.1
                0x080070c4       0x33 C:/Users/dhs/AppData/Local/stm32cube/bundles/gnu-tools-for-stm32/14.3.1+st.2/bin/../lib/gcc/arm-none-eabi/14.3.1/../../../../arm-none-eabi/lib/thumb/v8-m.main+fp/hard\libg_nano.a(libc_a-nano-svfprintf.o)
                                 0x11 (size before relaxing)
 .rodata._printf_i.str1.1
                0x080070f7       0x22 C:/Users/dhs/AppData/Local/stm32cube/bundles/gnu-tools-for-stm32/14.3.1+st.2/bin/../lib/gcc/arm-none-eabi/14.3.1/../../../../arm-none-eabi/lib/thumb/v8-m.main+fp/hard\libg_nano.a(libc_a-nano-vfprintf_i.o)
                0x08007120                        . = ALIGN (0x8)
 *fill*         0x080070f7        0x1 

.ARM.extab      0x080070f8        0x0
                0x080070f8                        . = ALIGN (0x8)
 *(.ARM.extab* .gnu.linkonce.armextab.*)
                0x080070f8                        . = ALIGN (0x8)

.ARM            0x080070f8        0x8
                0x080070f8                        . = ALIGN (0x8)
                0x080070f8                        __exidx_start = .
 *(.ARM.exidx*)
 .ARM.exidx     0x080070f8        0x8 C:/Users/dhs/AppData/Local/stm32cube/bundles/gnu-tools-for-stm32/14.3.1+st.2/bin/../lib/gcc/arm-none-eabi/14.3.1/thumb/v8-m.main+fp/hard\libgcc.a(_udivmoddi4.o)
                0x08007100                        __exidx_end = .
                0x08007100                        . = ALIGN (0x8)

.preinit_array  0x08007100        0x0
                0x08007100                        . = ALIGN (0x8)
                0x08007100                        PROVIDE (__preinit_array_start = .)
 *(.preinit_array*)
                0x08007100                        PROVIDE (__preinit_array_end = .)
                0x08007100                        . = ALIGN (0x8)

.init_array     0x08007100        0x8
                0x08007100                        . = ALIGN (0x8)
                0x08007100                        PROVIDE (__init_array_start = .)
 *(SORT_BY_NAME(.init_array.*))
 *(.init_array*)
 .init_array    0x08007100        0x4 C:/Users/dhs/AppData/Local/stm32cube/bundles/gnu-tools-for-stm32/14.3.1+st.2/bin/../lib/gcc/arm-none-eabi/14.3.1/thumb/v8-m.main+fp/hard/crtbegin.o
                0x08007104                        PROVIDE (__init_array_end = .)
                0x08007108                        . = ALIGN (0x8)
 *fill*         0x08007104        0x4 

.fini_array     0x08007108        0x8
                0x08007108                        . = ALIGN (0x8)
                [!provide]                        PROVIDE (__fini_array_start = .)
 *(SORT_BY_NAME(.fini_array.*))
 *(.fini_array*)
 .fini_array    0x08007108        0x4 C:/Users/dhs/AppData/Local/stm32cube/bundles/gnu-tools-for-stm32/14.3.1+st.2/bin/../lib/gcc/arm-none-eabi/14.3.1/thumb/v8-m.main+fp/hard/crtbegin.o
                [!provide]                        PROVIDE (__fini_array_end = .)
                0x08007110                        . = ALIGN (0x8)
 *fill*         0x0800710c        0x4 
                0x08007110                        _sidata = LOADADDR (.data)

.rel.dyn        0x08007110        0x0
 .rel.iplt      0x08007110        0x0 C:/Users/dhs/AppData/Local/stm32cube/bundles/gnu-tools-for-stm32/14.3.1+st.2/bin/../lib/gcc/arm-none-eabi/14.3.1/thumb/v8-m.main+fp/hard/crtbegin.o

.data           0x20000000       0x60 load address 0x08007110
                0x20000000                        . = ALIGN (0x8)
                0x20000000                        _sdata = .
 *(.data)
 *(.data*)
 .data.SystemCoreClock
                0x20000000        0x4 cmake/stm32cubemx/CMakeFiles/STM32_Drivers.dir/__/__/Core/Src/system_stm32u5xx.c.obj
                0x20000000                SystemCoreClock
 .data.uwTickPrio
                0x20000004        0x4 cmake/stm32cubemx/CMakeFiles/STM32_Drivers.dir/__/__/Drivers/STM32U5xx_HAL_Driver/Src/stm32u5xx_hal.c.obj
                0x20000004                uwTickPrio
 .data.uwTickFreq
                0x20000008        0x1 cmake/stm32cubemx/CMakeFiles/STM32_Drivers.dir/__/__/Drivers/STM32U5xx_HAL_Driver/Src/stm32u5xx_hal.c.obj
                0x20000008                uwTickFreq
 *fill*         0x20000009        0x3 
 .data._impure_ptr
                0x2000000c        0x4 C:/Users/dhs/AppData/Local/stm32cube/bundles/gnu-tools-for-stm32/14.3.1+st.2/bin/../lib/gcc/arm-none-eabi/14.3.1/../../../../arm-none-eabi/lib/thumb/v8-m.main+fp/hard\libg_nano.a(libc_a-impure.o)
                0x2000000c                _impure_ptr
 .data._impure_data
                0x20000010       0x4c C:/Users/dhs/AppData/Local/stm32cube/bundles/gnu-tools-for-stm32/14.3.1+st.2/bin/../lib/gcc/arm-none-eabi/14.3.1/../../../../arm-none-eabi/lib/thumb/v8-m.main+fp/hard\libg_nano.a(libc_a-impure.o)
                0x20000010                _impure_data
                0x20000060                        . = ALIGN (0x8)
 *fill*         0x2000005c        0x4 

.igot.plt       0x20000060        0x0 load address 0x08007170
 .igot.plt      0x20000060        0x0 C:/Users/dhs/AppData/Local/stm32cube/bundles/gnu-tools-for-stm32/14.3.1+st.2/bin/../lib/gcc/arm-none-eabi/14.3.1/thumb/v8-m.main+fp/hard/crtbegin.o

.tdata          0x20000060        0x0 load address 0x08007170
 *(.tdata .tdata.* .gnu.linkonce.td.*)
                0x20000060                        . = ALIGN (0x4)
                0x20000060                        _edata = .
                [!provide]                        PROVIDE (__data_end = .)
                [!provide]                        PROVIDE (__tdata_end = .)
                [!provide]                        PROVIDE (__tdata_start = ADDR (.tdata))
                [!provide]                        PROVIDE (__tdata_size = (__tdata_end - __tdata_start))
                [!provide]                        PROVIDE (__data_start = ADDR (.data))
                [!provide]                        PROVIDE (__data_size = (__data_end - __data_start))
                [!provide]                        PROVIDE (__tdata_source = LOADADDR (.tdata))
                [!provide]                        PROVIDE (__tdata_source_end = (LOADADDR (.tdata) + SIZEOF (.tdata)))
                [!provide]                        PROVIDE (__tdata_source_size = (__tdata_source_end - __tdata_source))
                [!provide]                        PROVIDE (__data_source = LOADADDR (.data))
                [!provide]                        PROVIDE (__data_source_end = __tdata_source_end)
                [!provide]                        PROVIDE (__data_source_size = (__data_source_end - __data_source))
                0x20000060                        . = ALIGN (0x8)

.tbss           0x20000060        0x0 load address 0x08007170
                0x20000060                        _sbss = .
                0x20000060                        __bss_start__ = _sbss
 *(.tbss .tbss.*)
                0x20000060                        . = ALIGN (0x4)
                [!provide]                        PROVIDE (__tbss_end = .)
                [!provide]                        PROVIDE (__tbss_start = ADDR (.tbss))
                [!provide]                        PROVIDE (__tbss_size = (__tbss_end - __tbss_start))
                [!provide]                        PROVIDE (__tbss_offset = (ADDR (.tbss) - ADDR (.tdata)))
                [!provide]                        PROVIDE (__tls_base = __tdata_start)
                [!provide]                        PROVIDE (__tls_end = __tbss_end)
                [!provide]                        PROVIDE (__tls_size = (__tls_end - __tls_base))
                [!provide]                        PROVIDE (__tls_align = MAX (ALIGNOF (.tdata), ALIGNOF (.tbss)))
                [!provide]                        PROVIDE (__tls_size_align = (((__tls_size + __tls_align) - 0x1) & ~ ((__tls_align - 0x1))))
                [!provide]                        PROVIDE (__arm32_tls_tcb_offset = MAX (0x8, __tls_align))
                [!provide]                        PROVIDE (__arm64_tls_tcb_offset = MAX (0x10, __tls_align))

.bss            0x20000060      0x368 load address 0x08007170
 *(.bss)
 .bss           0x20000060       0x1c C:/Users/dhs/AppData/Local/stm32cube/bundles/gnu-tools-for-stm32/14.3.1+st.2/bin/../lib/gcc/arm-none-eabi/14.3.1/thumb/v8-m.main+fp/hard/crtbegin.o
 *(.bss*)
 .bss.uwTick    0x2000007c        0x4 cmake/stm32cubemx/CMakeFiles/STM32_Drivers.dir/__/__/Drivers/STM32U5xx_HAL_Driver/Src/stm32u5xx_hal.c.obj
                0x2000007c                uwTick
 .bss.__sbrk_heap_end
                0x20000080        0x4 CMakeFiles/fmc-320u-v2.dir/Core/Src/sysmem.c.obj
 .bss.msg_enable
                0x20000084        0x1 CMakeFiles/fmc-320u-v2.dir/libs/fm_debug.c.obj
 .bss.leds_enable
                0x20000085        0x1 CMakeFiles/fmc-320u-v2.dir/libs/fm_debug.c.obj
 .bss.dwt_ready
                0x20000086        0x1 CMakeFiles/fmc-320u-v2.dir/libs/fm_debug.c.obj
 *fill*         0x20000087        0x1 
 .bss.evt_ring  0x20000088       0xa0 CMakeFiles/fmc-320u-v2.dir/libs/fm_debug.c.obj
 .bss.flush_buffer
                0x20000128       0x80 CMakeFiles/fmc-320u-v2.dir/libs/fm_debug.c.obj
 .bss.evt_head  0x200001a8        0x4 CMakeFiles/fmc-320u-v2.dir/libs/fm_debug.c.obj
 .bss.evt_tail  0x200001ac        0x4 CMakeFiles/fmc-320u-v2.dir/libs/fm_debug.c.obj
 .bss.evt_dropped
                0x200001b0        0x4 CMakeFiles/fmc-320u-v2.dir/libs/fm_debug.c.obj
 .bss.evt_high_water
                0x200001b4        0x4 CMakeFiles/fmc-320u-v2.dir/libs/fm_debug.c.obj
 .bss.err_counts
                0x200001b8       0x14 CMakeFiles/fmc-320u-v2.dir/libs/fm_debug.c.obj
 .bss.err_mask  0x200001cc        0x4 CMakeFiles/fmc-320u-v2.dir/libs/fm_debug.c.obj
 .bss.last_error
                0x200001d0        0x1 CMakeFiles/fmc-320u-v2.dir/libs/fm_debug.c.obj
 *fill*         0x200001d1        0x3 
 .bss.err_param
                0x200001d4       0x14 CMakeFiles/fmc-320u-v2.dir/libs/fm_debug.c.obj
 .bss.huart1    0x200001e8       0x94 CMakeFiles/fmc-320u-v2.dir/port/fm_hw_uart.c.obj
 .bss.__sf      0x2000027c      0x138 C:/Users/dhs/AppData/Local/stm32cube/bundles/gnu-tools-for-stm32/14.3.1+st.2/bin/../lib/gcc/arm-none-eabi/14.3.1/../../../../arm-none-eabi/lib/thumb/v8-m.main+fp/hard\libg_nano.a(libc_a-findfp.o)
                0x2000027c                __sf
 .bss.errno     0x200003b4        0x4 C:/Users/dhs/AppData/Local/stm32cube/bundles/gnu-tools-for-stm32/14.3.1+st.2/bin/../lib/gcc/arm-none-eabi/14.3.1/../../../../arm-none-eabi/lib/thumb/v8-m.main+fp/hard\libg_nano.a(libc_a-reent.o)
                0x200003b4                errno
 .bss.__lock___malloc_recursive_mutex
                0x200003b8        0x1 C:/Users/dhs/AppData/Local/stm32cube/bundles/gnu-tools-for-stm32/14.3.1+st.2/bin/../lib/gcc/arm-none-eabi/14.3.1/../../../../arm-none-eabi/lib/thumb/v8-m.main+fp/hard\libg_nano.a(libc_a-lock.o)
                0x200003b8                __lock___malloc_recursive_mutex
 *fill*         0x200003b9        0x3 
 .bss.__malloc_sbrk_start
                0x200003bc        0x4 C:/Users/dhs/AppData/Local/stm32cube/bundles/gnu-tools-for-stm32/14.3.1+st.2/bin/../lib/gcc/arm-none-eabi/14.3.1/../../../../arm-none-eabi/lib/thumb/v8-m.main+fp/hard\libg_nano.a(libc_a-mallocr.o)
                0x200003bc                __malloc_sbrk_start
 .bss.__malloc_free_list
                0x200003c0        0x4 C:/Users/dhs/AppData/Local/stm32cube/bundles/gnu-tools-for-stm32/14.3.1+st.2/bin/../lib/gcc/arm-none-eabi/14.3.1/../../../../arm-none-eabi/lib/thumb/v8-m.main+fp/hard\libg_nano.a(libc_a-mallocr.o)
                0x200003c0                __malloc_free_list
 *(COMMON)
                0x200003c8                        . = ALIGN (0x8)
 *fill*         0x200003c4        0x4 
                0x200003c8                        . = ALIGN (0x4)
                0x200003c8                        _ebss = .
                0x200003c8                        __bss_end__ = _ebss
                [!provide]                        PROVIDE (__bss_end = .)
                [!provide]                        PROVIDE (__non_tls_bss_start = ADDR (.bss))
                [!provide]                        PROVIDE (__bss_start = __tbss_start)
                [!provide]                        PROVIDE (__bss_size = (__bss_end - __bss_start))

._user_heap_stack
                0x200003c8      0x600 load address 0x08007170
                0x200003c8                        . = ALIGN (0x8)
                [!provide]                        PROVIDE (end = .)
                0x200003c8                        PROVIDE (_end = .)
                0x200005c8                        . = (. + _Min_Heap_Size)
 *fill*         0x200003c8      0x200 
                0x200009c8                        . = (. + _Min_Stack_Size)
 *fill*         0x200005c8      0x400 
                0x200009c8                        . = ALIGN (0x8)

/DISCARD/
 libc.a:*(*)
 libm.a:*(*)
 libgcc.a:*(*)

.ARM.attributes
                0x00000000       0x36
 *(.ARM.attributes)
 .ARM.attributes
                0x00000000       0x26 C:/Users/dhs/AppData/Local/stm32cube/bundles/gnu-tools-for-stm32/14.3.1+st.2/bin/../lib/gcc/arm-none-eabi/14.3.1/thumb/v8-m.main+fp/hard/crti.o
 .ARM.attributes
                0x00000026       0x38 C:/Users/dhs/AppData/Local/stm32cube/bundles/gnu-tools-for-stm32/14.3.1+st.2/bin/../lib/gcc/arm-none-eabi/14.3.1/thumb/v8-m.main+fp/hard/crtbegin.o
 .ARM.attributes
                0x0000005e       0x3a cmake/stm32cubemx/CMakeFiles/STM32_Drivers.dir/__/__/Core/Src/system_stm32u5xx.c.obj
 .ARM.attributes
                0x00000098       0x3a cmake/stm32cubemx/CMakeFiles/STM32_Drivers.dir/__/__/Drivers/STM32U5xx_HAL_Driver/Src/stm32u5xx_hal_cortex.c.obj
 .ARM.attributes
                0x000000d2       0x3a cmake/stm32cubemx/CMakeFiles/STM32_Drivers.dir/__/__/Drivers/STM32U5xx_HAL_Driver/Src/stm32u5xx_hal.c.obj
 .ARM.attributes
                0x0000010c       0x3a cmake/stm32cubemx/CMakeFiles/STM32_Drivers.dir/__/__/Drivers/STM32U5xx_HAL_Driver/Src/stm32u5xx_hal_rcc.c.obj
 .ARM.attributes
                0x00000146       0x3a cmake/stm32cubemx/CMakeFiles/STM32_Drivers.dir/__/__/Drivers/STM32U5xx_HAL_Driver/Src/stm32u5xx_hal_rcc_ex.c.obj
 .ARM.attributes
                0x00000180       0x3a cmake/stm32cubemx/CMakeFiles/STM32_Drivers.dir/__/__/Drivers/STM32U5xx_HAL_Driver/Src/stm32u5xx_hal_gpio.c.obj
 .ARM.attributes
                0x000001ba       0x3a cmake/stm32cubemx/CMakeFiles/STM32_Drivers.dir/__/__/Drivers/STM32U5xx_HAL_Driver/Src/stm32u5xx_hal_pwr.c.obj
 .ARM.attributes
                0x000001f4       0x3a cmake/stm32cubemx/CMakeFiles/STM32_Drivers.dir/__/__/Drivers/STM32U5xx_HAL_Driver/Src/stm32u5xx_hal_pwr_ex.c.obj
 .ARM.attributes
                0x0000022e       0x3a cmake/stm32cubemx/CMakeFiles/STM32_Drivers.dir/__/__/Drivers/STM32U5xx_HAL_Driver/Src/stm32u5xx_hal_uart.c.obj
 .ARM.attributes
                0x00000268       0x3a cmake/stm32cubemx/CMakeFiles/STM32_Drivers.dir/__/__/Drivers/STM32U5xx_HAL_Driver/Src/stm32u5xx_hal_uart_ex.c.obj
 .ARM.attributes
                0x000002a2       0x3a CMakeFiles/fmc-320u-v2.dir/Core/Src/main.c.obj
 .ARM.attributes
                0x000002dc       0x3a CMakeFiles/fmc-320u-v2.dir/Core/Src/usart.c.obj
 .ARM.attributes
                0x00000316       0x3a CMakeFiles/fmc-320u-v2.dir/Core/Src/stm32u5xx_it.c.obj
 .ARM.attributes
                0x00000350       0x3a CMakeFiles/fmc-320u-v2.dir/Core/Src/stm32u5xx_hal_msp.c.obj
 .ARM.attributes
                0x0000038a       0x3a CMakeFiles/fmc-320u-v2.dir/Core/Src/sysmem.c.obj
 .ARM.attributes
                0x000003c4       0x24 CMakeFiles/fmc-320u-v2.dir/startup_stm32u575xx.s.obj
 .ARM.attributes
                0x000003e8       0x3a CMakeFiles/fmc-320u-v2.dir/01_app/fm_main.c.obj
 .ARM.attributes
                0x00000422       0x3a CMakeFiles/fmc-320u-v2.dir/libs/fm_debug.c.obj
 .ARM.attributes
                0x0000045c       0x3a CMakeFiles/fmc-320u-v2.dir/bsp/fm_board.c.obj
 .ARM.attributes
                0x00000496       0x3a CMakeFiles/fmc-320u-v2.dir/port/fm_hw_dwt.c.obj
 .ARM.attributes
                0x000004d0       0x3a CMakeFiles/fmc-320u-v2.dir/port/fm_hw_gpio.c.obj
 .ARM.attributes
                0x0000050a       0x3a CMakeFiles/fmc-320u-v2.dir/port/fm_hw_uart.c.obj
 .ARM.attributes
                0x00000544       0x26 C:/Users/dhs/AppData/Local/stm32cube/bundles/gnu-tools-for-stm32/14.3.1+st.2/bin/../lib/gcc/arm-none-eabi/14.3.1/thumb/v8-m.main+fp/hard\libgcc.a(_aeabi_uldivmod.o)
 .ARM.attributes
                0x0000056a       0x38 C:/Users/dhs/AppData/Local/stm32cube/bundles/gnu-tools-for-stm32/14.3.1+st.2/bin/../lib/gcc/arm-none-eabi/14.3.1/thumb/v8-m.main+fp/hard\libgcc.a(_udivmoddi4.o)
 .ARM.attributes
                0x000005a2       0x26 C:/Users/dhs/AppData/Local/stm32cube/bundles/gnu-tools-for-stm32/14.3.1+st.2/bin/../lib/gcc/arm-none-eabi/14.3.1/thumb/v8-m.main+fp/hard\libgcc.a(_dvmd_tls.o)
 .ARM.attributes
                0x000005c8       0x38 C:/Users/dhs/AppData/Local/stm32cube/bundles/gnu-tools-for-stm32/14.3.1+st.2/bin/../lib/gcc/arm-none-eabi/14.3.1/../../../../arm-none-eabi/lib/thumb/v8-m.main+fp/hard\libg_nano.a(libc_a-findfp.o)
 .ARM.attributes
                0x00000600       0x38 C:/Users/dhs/AppData/Local/stm32cube/bundles/gnu-tools-for-stm32/14.3.1+st.2/bin/../lib/gcc/arm-none-eabi/14.3.1/../../../../arm-none-eabi/lib/thumb/v8-m.main+fp/hard\libg_nano.a(libc_a-snprintf.o)
 .ARM.attributes
                0x00000638       0x38 C:/Users/dhs/AppData/Local/stm32cube/bundles/gnu-tools-for-stm32/14.3.1+st.2/bin/../lib/gcc/arm-none-eabi/14.3.1/../../../../arm-none-eabi/lib/thumb/v8-m.main+fp/hard\libg_nano.a(libc_a-memset.o)
 .ARM.attributes
                0x00000670       0x38 C:/Users/dhs/AppData/Local/stm32cube/bundles/gnu-tools-for-stm32/14.3.1+st.2/bin/../lib/gcc/arm-none-eabi/14.3.1/../../../../arm-none-eabi/lib/thumb/v8-m.main+fp/hard\libg_nano.a(libc_a-reent.o)
 .ARM.attributes
                0x000006a8       0x38 C:/Users/dhs/AppData/Local/stm32cube/bundles/gnu-tools-for-stm32/14.3.1+st.2/bin/../lib/gcc/arm-none-eabi/14.3.1/../../../../arm-none-eabi/lib/thumb/v8-m.main+fp/hard\libg_nano.a(libc_a-impure.o)
 .ARM.attributes
                0x000006e0       0x38 C:/Users/dhs/AppData/Local/stm32cube/bundles/gnu-tools-for-stm32/14.3.1+st.2/bin/../lib/gcc/arm-none-eabi/14.3.1/../../../../arm-none-eabi/lib/thumb/v8-m.main+fp/hard\libg_nano.a(libc_a-errno.o)
 .ARM.attributes
                0x00000718       0x38 C:/Users/dhs/AppData/Local/stm32cube/bundles/gnu-tools-for-stm32/14.3.1+st.2/bin/../lib/gcc/arm-none-eabi/14.3.1/../../../../arm-none-eabi/lib/thumb/v8-m.main+fp/hard\libg_nano.a(libc_a-init.o)
 .ARM.attributes
                0x00000750       0x38 C:/Users/dhs/AppData/Local/stm32cube/bundles/gnu-tools-for-stm32/14.3.1+st.2/bin/../lib/gcc/arm-none-eabi/14.3.1/../../../../arm-none-eabi/lib/thumb/v8-m.main+fp/hard\libg_nano.a(libc_a-lock.o)
 .ARM.attributes
                0x00000788       0x38 C:/Users/dhs/AppData/Local/stm32cube/bundles/gnu-tools-for-stm32/14.3.1+st.2/bin/../lib/gcc/arm-none-eabi/14.3.1/../../../../arm-none-eabi/lib/thumb/v8-m.main+fp/hard\libg_nano.a(libc_a-freer.o)
 .ARM.attributes
                0x000007c0       0x38 C:/Users/dhs/AppData/Local/stm32cube/bundles/gnu-tools-for-stm32/14.3.1+st.2/bin/../lib/gcc/arm-none-eabi/14.3.1/../../../../arm-none-eabi/lib/thumb/v8-m.main+fp/hard\libg_nano.a(libc_a-mallocr.o)
 .ARM.attributes
                0x000007f8       0x38 C:/Users/dhs/AppData/Local/stm32cube/bundles/gnu-tools-for-stm32/14.3.1+st.2/bin/../lib/gcc/arm-none-eabi/14.3.1/../../../../arm-none-eabi/lib/thumb/v8-m.main+fp/hard\libg_nano.a(libc_a-mlock.o)
 .ARM.attributes
                0x00000830       0x38 C:/Users/dhs/AppData/Local/stm32cube/bundles/gnu-tools-for-stm32/14.3.1+st.2/bin/../lib/gcc/arm-none-eabi/14.3.1/../../../../arm-none-eabi/lib/thumb/v8-m.main+fp/hard\libg_nano.a(libc_a-nano-svfprintf.o)
 .ARM.attributes
                0x00000868       0x38 C:/Users/dhs/AppData/Local/stm32cube/bundles/gnu-tools-for-stm32/14.3.1+st.2/bin/../lib/gcc/arm-none-eabi/14.3.1/../../../../arm-none-eabi/lib/thumb/v8-m.main+fp/hard\libg_nano.a(libc_a-nano-vfprintf_i.o)
 .ARM.attributes
                0x000008a0       0x38 C:/Users/dhs/AppData/Local/stm32cube/bundles/gnu-tools-for-stm32/14.3.1+st.2/bin/../lib/gcc/arm-none-eabi/14.3.1/../../../../arm-none-eabi/lib/thumb/v8-m.main+fp/hard\libg_nano.a(libc_a-memmove.o)
 .ARM.attributes
                0x000008d8       0x38 C:/Users/dhs/AppData/Local/stm32cube/bundles/gnu-tools-for-stm32/14.3.1+st.2/bin/../lib/gcc/arm-none-eabi/14.3.1/../../../../arm-none-eabi/lib/thumb/v8-m.main+fp/hard\libg_nano.a(libc_a-sbrkr.o)
 .ARM.attributes
                0x00000910       0x38 C:/Users/dhs/AppData/Local/stm32cube/bundles/gnu-tools-for-stm32/14.3.1+st.2/bin/../lib/gcc/arm-none-eabi/14.3.1/../../../../arm-none-eabi/lib/thumb/v8-m.main+fp/hard\libg_nano.a(libc_a-memchr-stub.o)
 .ARM.attributes
                0x00000948       0x38 C:/Users/dhs/AppData/Local/stm32cube/bundles/gnu-tools-for-stm32/14.3.1+st.2/bin/../lib/gcc/arm-none-eabi/14.3.1/../../../../arm-none-eabi/lib/thumb/v8-m.main+fp/hard\libg_nano.a(libc_a-memcpy-stub.o)
 .ARM.attributes
                0x00000980       0x38 C:/Users/dhs/AppData/Local/stm32cube/bundles/gnu-tools-for-stm32/14.3.1+st.2/bin/../lib/gcc/arm-none-eabi/14.3.1/../../../../arm-none-eabi/lib/thumb/v8-m.main+fp/hard\libg_nano.a(libc_a-reallocr.o)
 .ARM.attributes
                0x000009b8       0x38 C:/Users/dhs/AppData/Local/stm32cube/bundles/gnu-tools-for-stm32/14.3.1+st.2/bin/../lib/gcc/arm-none-eabi/14.3.1/../../../../arm-none-eabi/lib/thumb/v8-m.main+fp/hard\libg_nano.a(libc_a-msizer.o)
 .ARM.attributes
                0x000009f0       0x26 C:/Users/dhs/AppData/Local/stm32cube/bundles/gnu-tools-for-stm32/14.3.1+st.2/bin/../lib/gcc/arm-none-eabi/14.3.1/thumb/v8-m.main+fp/hard/crtn.o
OUTPUT(fmc-320u-v2.elf elf32-littlearm)
LOAD linker stubs

.debug_info     0x00000000    0x19ce7
 .debug_info    0x00000000      0x929 cmake/stm32cubemx/CMakeFiles/STM32_Drivers.dir/__/__/Core/Src/system_stm32u5xx.c.obj
 .debug_info    0x00000929     0x1639 cmake/stm32cubemx/CMakeFiles/STM32_Drivers.dir/__/__/Drivers/STM32U5xx_HAL_Driver/Src/stm32u5xx_hal_cortex.c.obj
 .debug_info    0x00001f62     0x11ec cmake/stm32cubemx/CMakeFiles/STM32_Drivers.dir/__/__/Drivers/STM32U5xx_HAL_Driver/Src/stm32u5xx_hal.c.obj
 .debug_info    0x0000314e     0x11f0 cmake/stm32cubemx/CMakeFiles/STM32_Drivers.dir/__/__/Drivers/STM32U5xx_HAL_Driver/Src/stm32u5xx_hal_rcc.c.obj
 .debug_info    0x0000433e     0x157f cmake/stm32cubemx/CMakeFiles/STM32_Drivers.dir/__/__/Drivers/STM32U5xx_HAL_Driver/Src/stm32u5xx_hal_rcc_ex.c.obj
 .debug_info    0x000058bd      0x859 cmake/stm32cubemx/CMakeFiles/STM32_Drivers.dir/__/__/Drivers/STM32U5xx_HAL_Driver/Src/stm32u5xx_hal_gpio.c.obj
 .debug_info    0x00006116      0xa5e cmake/stm32cubemx/CMakeFiles/STM32_Drivers.dir/__/__/Drivers/STM32U5xx_HAL_Driver/Src/stm32u5xx_hal_pwr.c.obj
 .debug_info    0x00006b74      0xe3e cmake/stm32cubemx/CMakeFiles/STM32_Drivers.dir/__/__/Drivers/STM32U5xx_HAL_Driver/Src/stm32u5xx_hal_pwr_ex.c.obj
 .debug_info    0x000079b2     0x405f cmake/stm32cubemx/CMakeFiles/STM32_Drivers.dir/__/__/Drivers/STM32U5xx_HAL_Driver/Src/stm32u5xx_hal_uart.c.obj
 .debug_info    0x0000ba11     0x11ef cmake/stm32cubemx/CMakeFiles/STM32_Drivers.dir/__/__/Drivers/STM32U5xx_HAL_Driver/Src/stm32u5xx_hal_uart_ex.c.obj
 .debug_info    0x0000cc00      0x69e CMakeFiles/fmc-320u-v2.dir/Core/Src/main.c.obj
 .debug_info    0x0000d29e     0x1200 CMakeFiles/fmc-320u-v2.dir/Core/Src/usart.c.obj
 .debug_info    0x0000e49e      0x128 CMakeFiles/fmc-320u-v2.dir/Core/Src/stm32u5xx_it.c.obj
 .debug_info    0x0000e5c6      0x40c CMakeFiles/fmc-320u-v2.dir/Core/Src/stm32u5xx_hal_msp.c.obj
 .debug_info    0x0000e9d2      0x168 CMakeFiles/fmc-320u-v2.dir/Core/Src/sysmem.c.obj
 .debug_info    0x0000eb3a       0x30 CMakeFiles/fmc-320u-v2.dir/startup_stm32u575xx.s.obj
 .debug_info    0x0000eb6a      0x460 CMakeFiles/fmc-320u-v2.dir/01_app/fm_main.c.obj
 .debug_info    0x0000efca      0x91d CMakeFiles/fmc-320u-v2.dir/libs/fm_debug.c.obj
 .debug_info    0x0000f8e7      0x64e CMakeFiles/fmc-320u-v2.dir/bsp/fm_board.c.obj
 .debug_info    0x0000ff35      0x5dd CMakeFiles/fmc-320u-v2.dir/port/fm_hw_dwt.c.obj
 .debug_info    0x00010512      0x792 CMakeFiles/fmc-320u-v2.dir/port/fm_hw_gpio.c.obj
 .debug_info    0x00010ca4      0x9f4 CMakeFiles/fmc-320u-v2.dir/port/fm_hw_uart.c.obj
 .debug_info    0x00011698      0xfb2 C:/Users/dhs/AppData/Local/stm32cube/bundles/gnu-tools-for-stm32/14.3.1+st.2/bin/../lib/gcc/arm-none-eabi/14.3.1/../../../../arm-none-eabi/lib/thumb/v8-m.main+fp/hard\libg_nano.a(libc_a-findfp.o)
 .debug_info    0x0001264a      0x8b9 C:/Users/dhs/AppData/Local/stm32cube/bundles/gnu-tools-for-stm32/14.3.1+st.2/bin/../lib/gcc/arm-none-eabi/14.3.1/../../../../arm-none-eabi/lib/thumb/v8-m.main+fp/hard\libg_nano.a(libc_a-snprintf.o)
 .debug_info    0x00012f03       0xe0 C:/Users/dhs/AppData/Local/stm32cube/bundles/gnu-tools-for-stm32/14.3.1+st.2/bin/../lib/gcc/arm-none-eabi/14.3.1/../../../../arm-none-eabi/lib/thumb/v8-m.main+fp/hard\libg_nano.a(libc_a-memset.o)
 .debug_info    0x00012fe3      0x8a1 C:/Users/dhs/AppData/Local/stm32cube/bundles/gnu-tools-for-stm32/14.3.1+st.2/bin/../lib/gcc/arm-none-eabi/14.3.1/../../../../arm-none-eabi/lib/thumb/v8-m.main+fp/hard\libg_nano.a(libc_a-reent.o)
 .debug_info    0x00013884      0x715 C:/Users/dhs/AppData/Local/stm32cube/bundles/gnu-tools-for-stm32/14.3.1+st.2/bin/../lib/gcc/arm-none-eabi/14.3.1/../../../../arm-none-eabi/lib/thumb/v8-m.main+fp/hard\libg_nano.a(libc_a-impure.o)
 .debug_info    0x00013f99      0x6fb C:/Users/dhs/AppData/Local/stm32cube/bundles/gnu-tools-for-stm32/14.3.1+st.2/bin/../lib/gcc/arm-none-eabi/14.3.1/../../../../arm-none-eabi/lib/thumb/v8-m.main+fp/hard\libg_nano.a(libc_a-errno.o)
 .debug_info    0x00014694      0x10b C:/Users/dhs/AppData/Local/stm32cube/bundles/gnu-tools-for-stm32/14.3.1+st.2/bin/../lib/gcc/arm-none-eabi/14.3.1/../../../../arm-none-eabi/lib/thumb/v8-m.main+fp/hard\libg_nano.a(libc_a-init.o)
 .debug_info    0x0001479f      0x218 C:/Users/dhs/AppData/Local/stm32cube/bundles/gnu-tools-for-stm32/14.3.1+st.2/bin/../lib/gcc/arm-none-eabi/14.3.1/../../../../arm-none-eabi/lib/thumb/v8-m.main+fp/hard\libg_nano.a(libc_a-lock.o)
 .debug_info    0x000149b7      0x851 C:/Users/dhs/AppData/Local/stm32cube/bundles/gnu-tools-for-stm32/14.3.1+st.2/bin/../lib/gcc/arm-none-eabi/14.3.1/../../../../arm-none-eabi/lib/thumb/v8-m.main+fp/hard\libg_nano.a(libc_a-freer.o)
 .debug_info    0x00015208      0x9bc C:/Users/dhs/AppData/Local/stm32cube/bundles/gnu-tools-for-stm32/14.3.1+st.2/bin/../lib/gcc/arm-none-eabi/14.3.1/../../../../arm-none-eabi/lib/thumb/v8-m.main+fp/hard\libg_nano.a(libc_a-mallocr.o)
 .debug_info    0x00015bc4      0x76b C:/Users/dhs/AppData/Local/stm32cube/bundles/gnu-tools-for-stm32/14.3.1+st.2/bin/../lib/gcc/arm-none-eabi/14.3.1/../../../../arm-none-eabi/lib/thumb/v8-m.main+fp/hard\libg_nano.a(libc_a-mlock.o)
 .debug_info    0x0001632f     0x10b3 C:/Users/dhs/AppData/Local/stm32cube/bundles/gnu-tools-for-stm32/14.3.1+st.2/bin/../lib/gcc/arm-none-eabi/14.3.1/../../../../arm-none-eabi/lib/thumb/v8-m.main+fp/hard\libg_nano.a(libc_a-nano-svfprintf.o)
 .debug_info    0x000173e2      0xde2 C:/Users/dhs/AppData/Local/stm32cube/bundles/gnu-tools-for-stm32/14.3.1+st.2/bin/../lib/gcc/arm-none-eabi/14.3.1/../../../../arm-none-eabi/lib/thumb/v8-m.main+fp/hard\libg_nano.a(libc_a-nano-vfprintf_i.o)
 .debug_info    0x000181c4      0x10f C:/Users/dhs/AppData/Local/stm32cube/bundles/gnu-tools-for-stm32/14.3.1+st.2/bin/../lib/gcc/arm-none-eabi/14.3.1/../../../../arm-none-eabi/lib/thumb/v8-m.main+fp/hard\libg_nano.a(libc_a-memmove.o)
 .debug_info    0x000182d3      0x782 C:/Users/dhs/AppData/Local/stm32cube/bundles/gnu-tools-for-stm32/14.3.1+st.2/bin/../lib/gcc/arm-none-eabi/14.3.1/../../../../arm-none-eabi/lib/thumb/v8-m.main+fp/hard\libg_nano.a(libc_a-sbrkr.o)
 .debug_info    0x00018a55      0x110 C:/Users/dhs/AppData/Local/stm32cube/bundles/gnu-tools-for-stm32/14.3.1+st.2/bin/../lib/gcc/arm-none-eabi/14.3.1/../../../../arm-none-eabi/lib/thumb/v8-m.main+fp/hard\libg_nano.a(libc_a-memchr-stub.o)
 .debug_info    0x00018b65      0x121 C:/Users/dhs/AppData/Local/stm32cube/bundles/gnu-tools-for-stm32/14.3.1+st.2/bin/../lib/gcc/arm-none-eabi/14.3.1/../../../../arm-none-eabi/lib/thumb/v8-m.main+fp/hard\libg_nano.a(libc_a-memcpy-stub.o)
 .debug_info    0x00018c86      0x8cd C:/Users/dhs/AppData/Local/stm32cube/bundles/gnu-tools-for-stm32/14.3.1+st.2/bin/../lib/gcc/arm-none-eabi/14.3.1/../../../../arm-none-eabi/lib/thumb/v8-m.main+fp/hard\libg_nano.a(libc_a-reallocr.o)
 .debug_info    0x00019553      0x794 C:/Users/dhs/AppData/Local/stm32cube/bundles/gnu-tools-for-stm32/14.3.1+st.2/bin/../lib/gcc/arm-none-eabi/14.3.1/../../../../arm-none-eabi/lib/thumb/v8-m.main+fp/hard\libg_nano.a(libc_a-msizer.o)

.debug_abbrev   0x00000000     0x4ac9
 .debug_abbrev  0x00000000      0x129 cmake/stm32cubemx/CMakeFiles/STM32_Drivers.dir/__/__/Core/Src/system_stm32u5xx.c.obj
 .debug_abbrev  0x00000129      0x327 cmake/stm32cubemx/CMakeFiles/STM32_Drivers.dir/__/__/Drivers/STM32U5xx_HAL_Driver/Src/stm32u5xx_hal_cortex.c.obj
 .debug_abbrev  0x00000450      0x2a5 cmake/stm32cubemx/CMakeFiles/STM32_Drivers.dir/__/__/Drivers/STM32U5xx_HAL_Driver/Src/stm32u5xx_hal.c.obj
 .debug_abbrev  0x000006f5      0x2cb cmake/stm32cubemx/CMakeFiles/STM32_Drivers.dir/__/__/Drivers/STM32U5xx_HAL_Driver/Src/stm32u5xx_hal_rcc.c.obj
 .debug_abbrev  0x000009c0      0x23d cmake/stm32cubemx/CMakeFiles/STM32_Drivers.dir/__/__/Drivers/STM32U5xx_HAL_Driver/Src/stm32u5xx_hal_rcc_ex.c.obj
 .debug_abbrev  0x00000bfd      0x25a cmake/stm32cubemx/CMakeFiles/STM32_Drivers.dir/__/__/Drivers/STM32U5xx_HAL_Driver/Src/stm32u5xx_hal_gpio.c.obj
 .debug_abbrev  0x00000e57      0x235 cmake/stm32cubemx/CMakeFiles/STM32_Drivers.dir/__/__/Drivers/STM32U5xx_HAL_Driver/Src/stm32u5xx_hal_pwr.c.obj
 .debug_abbrev  0x0000108c      0x215 cmake/stm32cubemx/CMakeFiles/STM32_Drivers.dir/__/__/Drivers/STM32U5xx_HAL_Driver/Src/stm32u5xx_hal_pwr_ex.c.obj
 .debug_abbrev  0x000012a1      0x305 cmake/stm32cubemx/CMakeFiles/STM32_Drivers.dir/__/__/Drivers/STM32U5xx_HAL_Driver/Src/stm32u5xx_hal_uart.c.obj
 .debug_abbrev  0x000015a6      0x2d4 cmake/stm32cubemx/CMakeFiles/STM32_Drivers.dir/__/__/Drivers/STM32U5xx_HAL_Driver/Src/stm32u5xx_hal_uart_ex.c.obj
 .debug_abbrev  0x0000187a      0x1ed CMakeFiles/fmc-320u-v2.dir/Core/Src/main.c.obj
 .debug_abbrev  0x00001a67      0x218 CMakeFiles/fmc-320u-v2.dir/Core/Src/usart.c.obj
 .debug_abbrev  0x00001c7f       0x73 CMakeFiles/fmc-320u-v2.dir/Core/Src/stm32u5xx_it.c.obj
 .debug_abbrev  0x00001cf2       0xde CMakeFiles/fmc-320u-v2.dir/Core/Src/stm32u5xx_hal_msp.c.obj
 .debug_abbrev  0x00001dd0       0xbc CMakeFiles/fmc-320u-v2.dir/Core/Src/sysmem.c.obj
 .debug_abbrev  0x00001e8c       0x24 CMakeFiles/fmc-320u-v2.dir/startup_stm32u575xx.s.obj
 .debug_abbrev  0x00001eb0      0x1b2 CMakeFiles/fmc-320u-v2.dir/01_app/fm_main.c.obj
 .debug_abbrev  0x00002062      0x270 CMakeFiles/fmc-320u-v2.dir/libs/fm_debug.c.obj
 .debug_abbrev  0x000022d2      0x1ad CMakeFiles/fmc-320u-v2.dir/bsp/fm_board.c.obj
 .debug_abbrev  0x0000247f      0x167 CMakeFiles/fmc-320u-v2.dir/port/fm_hw_dwt.c.obj
 .debug_abbrev  0x000025e6      0x21f CMakeFiles/fmc-320u-v2.dir/port/fm_hw_gpio.c.obj
 .debug_abbrev  0x00002805      0x1c5 CMakeFiles/fmc-320u-v2.dir/port/fm_hw_uart.c.obj
 .debug_abbrev  0x000029ca      0x424 C:/Users/dhs/AppData/Local/stm32cube/bundles/gnu-tools-for-stm32/14.3.1+st.2/bin/../lib/gcc/arm-none-eabi/14.3.1/../../../../arm-none-eabi/lib/thumb/v8-m.main+fp/hard\libg_nano.a(libc_a-findfp.o)
 .debug_abbrev  0x00002dee      0x231 C:/Users/dhs/AppData/Local/stm32cube/bundles/gnu-tools-for-stm32/14.3.1+st.2/bin/../lib/gcc/arm-none-eabi/14.3.1/../../../../arm-none-eabi/lib/thumb/v8-m.main+fp/hard\libg_nano.a(libc_a-snprintf.o)
 .debug_abbrev  0x0000301f       0x9e C:/Users/dhs/AppData/Local/stm32cube/bundles/gnu-tools-for-stm32/14.3.1+st.2/bin/../lib/gcc/arm-none-eabi/14.3.1/../../../../arm-none-eabi/lib/thumb/v8-m.main+fp/hard\libg_nano.a(libc_a-memset.o)
 .debug_abbrev  0x000030bd      0x1f7 C:/Users/dhs/AppData/Local/stm32cube/bundles/gnu-tools-for-stm32/14.3.1+st.2/bin/../lib/gcc/arm-none-eabi/14.3.1/../../../../arm-none-eabi/lib/thumb/v8-m.main+fp/hard\libg_nano.a(libc_a-reent.o)
 .debug_abbrev  0x000032b4      0x149 C:/Users/dhs/AppData/Local/stm32cube/bundles/gnu-tools-for-stm32/14.3.1+st.2/bin/../lib/gcc/arm-none-eabi/14.3.1/../../../../arm-none-eabi/lib/thumb/v8-m.main+fp/hard\libg_nano.a(libc_a-impure.o)
 .debug_abbrev  0x000033fd      0x15e C:/Users/dhs/AppData/Local/stm32cube/bundles/gnu-tools-for-stm32/14.3.1+st.2/bin/../lib/gcc/arm-none-eabi/14.3.1/../../../../arm-none-eabi/lib/thumb/v8-m.main+fp/hard\libg_nano.a(libc_a-errno.o)
 .debug_abbrev  0x0000355b       0xc9 C:/Users/dhs/AppData/Local/stm32cube/bundles/gnu-tools-for-stm32/14.3.1+st.2/bin/../lib/gcc/arm-none-eabi/14.3.1/../../../../arm-none-eabi/lib/thumb/v8-m.main+fp/hard\libg_nano.a(libc_a-init.o)
 .debug_abbrev  0x00003624      0x115 C:/Users/dhs/AppData/Local/stm32cube/bundles/gnu-tools-for-stm32/14.3.1+st.2/bin/../lib/gcc/arm-none-eabi/14.3.1/../../../../arm-none-eabi/lib/thumb/v8-m.main+fp/hard\libg_nano.a(libc_a-lock.o)
 .debug_abbrev  0x00003739      0x236 C:/Users/dhs/AppData/Local/stm32cube/bundles/gnu-tools-for-stm32/14.3.1+st.2/bin/../lib/gcc/arm-none-eabi/14.3.1/../../../../arm-none-eabi/lib/thumb/v8-m.main+fp/hard\libg_nano.a(libc_a-freer.o)
 .debug_abbrev  0x0000396f      0x24a C:/Users/dhs/AppData/Local/stm32cube/bundles/gnu-tools-for-stm32/14.3.1+st.2/bin/../lib/gcc/arm-none-eabi/14.3.1/../../../../arm-none-eabi/lib/thumb/v8-m.main+fp/hard\libg_nano.a(libc_a-mallocr.o)
 .debug_abbrev  0x00003bb9      0x1bf C:/Users/dhs/AppData/Local/stm32cube/bundles/gnu-tools-for-stm32/14.3.1+st.2/bin/../lib/gcc/arm-none-eabi/14.3.1/../../../../arm-none-eabi/lib/thumb/v8-m.main+fp/hard\libg_nano.a(libc_a-mlock.o)
 .debug_abbrev  0x00003d78      0x31e C:/Users/dhs/AppData/Local/stm32cube/bundles/gnu-tools-for-stm32/14.3.1+st.2/bin/../lib/gcc/arm-none-eabi/14.3.1/../../../../arm-none-eabi/lib/thumb/v8-m.main+fp/hard\libg_nano.a(libc_a-nano-svfprintf.o)
 .debug_abbrev  0x00004096      0x28e C:/Users/dhs/AppData/Local/stm32cube/bundles/gnu-tools-for-stm32/14.3.1+st.2/bin/../lib/gcc/arm-none-eabi/14.3.1/../../../../arm-none-eabi/lib/thumb/v8-m.main+fp/hard\libg_nano.a(libc_a-nano-vfprintf_i.o)
 .debug_abbrev  0x00004324       0xac C:/Users/dhs/AppData/Local/stm32cube/bundles/gnu-tools-for-stm32/14.3.1+st.2/bin/../lib/gcc/arm-none-eabi/14.3.1/../../../../arm-none-eabi/lib/thumb/v8-m.main+fp/hard\libg_nano.a(libc_a-memmove.o)
 .debug_abbrev  0x000043d0      0x1da C:/Users/dhs/AppData/Local/stm32cube/bundles/gnu-tools-for-stm32/14.3.1+st.2/bin/../lib/gcc/arm-none-eabi/14.3.1/../../../../arm-none-eabi/lib/thumb/v8-m.main+fp/hard\libg_nano.a(libc_a-sbrkr.o)
 .debug_abbrev  0x000045aa       0xb1 C:/Users/dhs/AppData/Local/stm32cube/bundles/gnu-tools-for-stm32/14.3.1+st.2/bin/../lib/gcc/arm-none-eabi/14.3.1/../../../../arm-none-eabi/lib/thumb/v8-m.main+fp/hard\libg_nano.a(libc_a-memchr-stub.o)
 .debug_abbrev  0x0000465b       0xc1 C:/Users/dhs/AppData/Local/stm32cube/bundles/gnu-tools-for-stm32/14.3.1+st.2/bin/../lib/gcc/arm-none-eabi/14.3.1/../../../../arm-none-eabi/lib/thumb/v8-m.main+fp/hard\libg_nano.a(libc_a-memcpy-stub.o)
 .debug_abbrev  0x0000471c      0x217 C:/Users/dhs/AppData/Local/stm32cube/bundles/gnu-tools-for-stm32/14.3.1+st.2/bin/../lib/gcc/arm-none-eabi/14.3.1/../../../../arm-none-eabi/lib/thumb/v8-m.main+fp/hard\libg_nano.a(libc_a-reallocr.o)
 .debug_abbrev  0x00004933      0x196 C:/Users/dhs/AppData/Local/stm32cube/bundles/gnu-tools-for-stm32/14.3.1+st.2/bin/../lib/gcc/arm-none-eabi/14.3.1/../../../../arm-none-eabi/lib/thumb/v8-m.main+fp/hard\libg_nano.a(libc_a-msizer.o)

.debug_aranges  0x00000000     0x11c8
 .debug_aranges
                0x00000000       0x28 cmake/stm32cubemx/CMakeFiles/STM32_Drivers.dir/__/__/Core/Src/system_stm32u5xx.c.obj
 .debug_aranges
                0x00000028      0x140 cmake/stm32cubemx/CMakeFiles/STM32_Drivers.dir/__/__/Drivers/STM32U5xx_HAL_Driver/Src/stm32u5xx_hal_cortex.c.obj
 .debug_aranges
                0x00000168      0x148 cmake/stm32cubemx/CMakeFiles/STM32_Drivers.dir/__/__/Drivers/STM32U5xx_HAL_Driver/Src/stm32u5xx_hal.c.obj
 .debug_aranges
                0x000002b0       0xa8 cmake/stm32cubemx/CMakeFiles/STM32_Drivers.dir/__/__/Drivers/STM32U5xx_HAL_Driver/Src/stm32u5xx_hal_rcc.c.obj
 .debug_aranges
                0x00000358      0x160 cmake/stm32cubemx/CMakeFiles/STM32_Drivers.dir/__/__/Drivers/STM32U5xx_HAL_Driver/Src/stm32u5xx_hal_rcc_ex.c.obj
 .debug_aranges
                0x000004b8       0x78 cmake/stm32cubemx/CMakeFiles/STM32_Drivers.dir/__/__/Drivers/STM32U5xx_HAL_Driver/Src/stm32u5xx_hal_gpio.c.obj
 .debug_aranges
                0x00000530       0xb0 cmake/stm32cubemx/CMakeFiles/STM32_Drivers.dir/__/__/Drivers/STM32U5xx_HAL_Driver/Src/stm32u5xx_hal_pwr.c.obj
 .debug_aranges
                0x000005e0      0x200 cmake/stm32cubemx/CMakeFiles/STM32_Drivers.dir/__/__/Drivers/STM32U5xx_HAL_Driver/Src/stm32u5xx_hal_pwr_ex.c.obj
 .debug_aranges
                0x000007e0      0x248 cmake/stm32cubemx/CMakeFiles/STM32_Drivers.dir/__/__/Drivers/STM32U5xx_HAL_Driver/Src/stm32u5xx_hal_uart.c.obj
 .debug_aranges
                0x00000a28       0xb8 cmake/stm32cubemx/CMakeFiles/STM32_Drivers.dir/__/__/Drivers/STM32U5xx_HAL_Driver/Src/stm32u5xx_hal_uart_ex.c.obj
 .debug_aranges
                0x00000ae0       0x30 CMakeFiles/fmc-320u-v2.dir/Core/Src/main.c.obj
 .debug_aranges
                0x00000b10       0x30 CMakeFiles/fmc-320u-v2.dir/Core/Src/usart.c.obj
 .debug_aranges
                0x00000b40       0x60 CMakeFiles/fmc-320u-v2.dir/Core/Src/stm32u5xx_it.c.obj
 .debug_aranges
                0x00000ba0       0x20 CMakeFiles/fmc-320u-v2.dir/Core/Src/stm32u5xx_hal_msp.c.obj
 .debug_aranges
                0x00000bc0       0x20 CMakeFiles/fmc-320u-v2.dir/Core/Src/sysmem.c.obj
 .debug_aranges
                0x00000be0       0x28 CMakeFiles/fmc-320u-v2.dir/startup_stm32u575xx.s.obj
 .debug_aranges
                0x00000c08       0x30 CMakeFiles/fmc-320u-v2.dir/01_app/fm_main.c.obj
 .debug_aranges
                0x00000c38      0x108 CMakeFiles/fmc-320u-v2.dir/libs/fm_debug.c.obj
 .debug_aranges
                0x00000d40       0x80 CMakeFiles/fmc-320u-v2.dir/bsp/fm_board.c.obj
 .debug_aranges
                0x00000dc0       0x40 CMakeFiles/fmc-320u-v2.dir/port/fm_hw_dwt.c.obj
 .debug_aranges
                0x00000e00       0x70 CMakeFiles/fmc-320u-v2.dir/port/fm_hw_gpio.c.obj
 .debug_aranges
                0x00000e70       0x30 CMakeFiles/fmc-320u-v2.dir/port/fm_hw_uart.c.obj
 .debug_aranges
                0x00000ea0       0x78 C:/Users/dhs/AppData/Local/stm32cube/bundles/gnu-tools-for-stm32/14.3.1+st.2/bin/../lib/gcc/arm-none-eabi/14.3.1/../../../../arm-none-eabi/lib/thumb/v8-m.main+fp/hard\libg_nano.a(libc_a-findfp.o)
 .debug_aranges
                0x00000f18       0x28 C:/Users/dhs/AppData/Local/stm32cube/bundles/gnu-tools-for-stm32/14.3.1+st.2/bin/../lib/gcc/arm-none-eabi/14.3.1/../../../../arm-none-eabi/lib/thumb/v8-m.main+fp/hard\libg_nano.a(libc_a-snprintf.o)
 .debug_aranges
                0x00000f40       0x20 C:/Users/dhs/AppData/Local/stm32cube/bundles/gnu-tools-for-stm32/14.3.1+st.2/bin/../lib/gcc/arm-none-eabi/14.3.1/../../../../arm-none-eabi/lib/thumb/v8-m.main+fp/hard\libg_nano.a(libc_a-memset.o)
 .debug_aranges
                0x00000f60       0x20 C:/Users/dhs/AppData/Local/stm32cube/bundles/gnu-tools-for-stm32/14.3.1+st.2/bin/../lib/gcc/arm-none-eabi/14.3.1/../../../../arm-none-eabi/lib/thumb/v8-m.main+fp/hard\libg_nano.a(libc_a-reent.o)
 .debug_aranges
                0x00000f80       0x18 C:/Users/dhs/AppData/Local/stm32cube/bundles/gnu-tools-for-stm32/14.3.1+st.2/bin/../lib/gcc/arm-none-eabi/14.3.1/../../../../arm-none-eabi/lib/thumb/v8-m.main+fp/hard\libg_nano.a(libc_a-impure.o)
 .debug_aranges
                0x00000f98       0x20 C:/Users/dhs/AppData/Local/stm32cube/bundles/gnu-tools-for-stm32/14.3.1+st.2/bin/../lib/gcc/arm-none-eabi/14.3.1/../../../../arm-none-eabi/lib/thumb/v8-m.main+fp/hard\libg_nano.a(libc_a-errno.o)
 .debug_aranges
                0x00000fb8       0x20 C:/Users/dhs/AppData/Local/stm32cube/bundles/gnu-tools-for-stm32/14.3.1+st.2/bin/../lib/gcc/arm-none-eabi/14.3.1/../../../../arm-none-eabi/lib/thumb/v8-m.main+fp/hard\libg_nano.a(libc_a-init.o)
 .debug_aranges
                0x00000fd8       0x68 C:/Users/dhs/AppData/Local/stm32cube/bundles/gnu-tools-for-stm32/14.3.1+st.2/bin/../lib/gcc/arm-none-eabi/14.3.1/../../../../arm-none-eabi/lib/thumb/v8-m.main+fp/hard\libg_nano.a(libc_a-lock.o)
 .debug_aranges
                0x00001040       0x20 C:/Users/dhs/AppData/Local/stm32cube/bundles/gnu-tools-for-stm32/14.3.1+st.2/bin/../lib/gcc/arm-none-eabi/14.3.1/../../../../arm-none-eabi/lib/thumb/v8-m.main+fp/hard\libg_nano.a(libc_a-freer.o)
 .debug_aranges
                0x00001060       0x28 C:/Users/dhs/AppData/Local/stm32cube/bundles/gnu-tools-for-stm32/14.3.1+st.2/bin/../lib/gcc/arm-none-eabi/14.3.1/../../../../arm-none-eabi/lib/thumb/v8-m.main+fp/hard\libg_nano.a(libc_a-mallocr.o)
 .debug_aranges
                0x00001088       0x28 C:/Users/dhs/AppData/Local/stm32cube/bundles/gnu-tools-for-stm32/14.3.1+st.2/bin/../lib/gcc/arm-none-eabi/14.3.1/../../../../arm-none-eabi/lib/thumb/v8-m.main+fp/hard\libg_nano.a(libc_a-mlock.o)
 .debug_aranges
                0x000010b0       0x30 C:/Users/dhs/AppData/Local/stm32cube/bundles/gnu-tools-for-stm32/14.3.1+st.2/bin/../lib/gcc/arm-none-eabi/14.3.1/../../../../arm-none-eabi/lib/thumb/v8-m.main+fp/hard\libg_nano.a(libc_a-nano-svfprintf.o)
 .debug_aranges
                0x000010e0       0x28 C:/Users/dhs/AppData/Local/stm32cube/bundles/gnu-tools-for-stm32/14.3.1+st.2/bin/../lib/gcc/arm-none-eabi/14.3.1/../../../../arm-none-eabi/lib/thumb/v8-m.main+fp/hard\libg_nano.a(libc_a-nano-vfprintf_i.o)
 .debug_aranges
                0x00001108       0x20 C:/Users/dhs/AppData/Local/stm32cube/bundles/gnu-tools-for-stm32/14.3.1+st.2/bin/../lib/gcc/arm-none-eabi/14.3.1/../../../../arm-none-eabi/lib/thumb/v8-m.main+fp/hard\libg_nano.a(libc_a-memmove.o)
 .debug_aranges
                0x00001128       0x20 C:/Users/dhs/AppData/Local/stm32cube/bundles/gnu-tools-for-stm32/14.3.1+st.2/bin/../lib/gcc/arm-none-eabi/14.3.1/../../../../arm-none-eabi/lib/thumb/v8-m.main+fp/hard\libg_nano.a(libc_a-sbrkr.o)
 .debug_aranges
                0x00001148       0x20 C:/Users/dhs/AppData/Local/stm32cube/bundles/gnu-tools-for-stm32/14.3.1+st.2/bin/../lib/gcc/arm-none-eabi/14.3.1/../../../../arm-none-eabi/lib/thumb/v8-m.main+fp/hard\libg_nano.a(libc_a-memchr-stub.o)
 .debug_aranges
                0x00001168       0x20 C:/Users/dhs/AppData/Local/stm32cube/bundles/gnu-tools-for-stm32/14.3.1+st.2/bin/../lib/gcc/arm-none-eabi/14.3.1/../../../../arm-none-eabi/lib/thumb/v8-m.main+fp/hard\libg_nano.a(libc_a-memcpy-stub.o)
 .debug_aranges
                0x00001188       0x20 C:/Users/dhs/AppData/Local/stm32cube/bundles/gnu-tools-for-stm32/14.3.1+st.2/bin/../lib/gcc/arm-none-eabi/14.3.1/../../../../arm-none-eabi/lib/thumb/v8-m.main+fp/hard\libg_nano.a(libc_a-reallocr.o)
 .debug_aranges
                0x000011a8       0x20 C:/Users/dhs/AppData/Local/stm32cube/bundles/gnu-tools-for-stm32/14.3.1+st.2/bin/../lib/gcc/arm-none-eabi/14.3.1/../../../../arm-none-eabi/lib/thumb/v8-m.main+fp/hard\libg_nano.a(libc_a-msizer.o)

.debug_rnglists
                0x00000000      0xddd
 .debug_rnglists
                0x00000000       0x1a cmake/stm32cubemx/CMakeFiles/STM32_Drivers.dir/__/__/Core/Src/system_stm32u5xx.c.obj
 .debug_rnglists
                0x0000001a       0xec cmake/stm32cubemx/CMakeFiles/STM32_Drivers.dir/__/__/Drivers/STM32U5xx_HAL_Driver/Src/stm32u5xx_hal_cortex.c.obj
 .debug_rnglists
                0x00000106       0xf3 cmake/stm32cubemx/CMakeFiles/STM32_Drivers.dir/__/__/Drivers/STM32U5xx_HAL_Driver/Src/stm32u5xx_hal.c.obj
 .debug_rnglists
                0x000001f9       0x7f cmake/stm32cubemx/CMakeFiles/STM32_Drivers.dir/__/__/Drivers/STM32U5xx_HAL_Driver/Src/stm32u5xx_hal_rcc.c.obj
 .debug_rnglists
                0x00000278      0x113 cmake/stm32cubemx/CMakeFiles/STM32_Drivers.dir/__/__/Drivers/STM32U5xx_HAL_Driver/Src/stm32u5xx_hal_rcc_ex.c.obj
 .debug_rnglists
                0x0000038b       0x5a cmake/stm32cubemx/CMakeFiles/STM32_Drivers.dir/__/__/Drivers/STM32U5xx_HAL_Driver/Src/stm32u5xx_hal_gpio.c.obj
 .debug_rnglists
                0x000003e5       0x80 cmake/stm32cubemx/CMakeFiles/STM32_Drivers.dir/__/__/Drivers/STM32U5xx_HAL_Driver/Src/stm32u5xx_hal_pwr.c.obj
 .debug_rnglists
                0x00000465      0x186 cmake/stm32cubemx/CMakeFiles/STM32_Drivers.dir/__/__/Drivers/STM32U5xx_HAL_Driver/Src/stm32u5xx_hal_pwr_ex.c.obj
 .debug_rnglists
                0x000005eb      0x1fb cmake/stm32cubemx/CMakeFiles/STM32_Drivers.dir/__/__/Drivers/STM32U5xx_HAL_Driver/Src/stm32u5xx_hal_uart.c.obj
 .debug_rnglists
                0x000007e6       0x8c cmake/stm32cubemx/CMakeFiles/STM32_Drivers.dir/__/__/Drivers/STM32U5xx_HAL_Driver/Src/stm32u5xx_hal_uart_ex.c.obj
 .debug_rnglists
                0x00000872       0x20 CMakeFiles/fmc-320u-v2.dir/Core/Src/main.c.obj
 .debug_rnglists
                0x00000892       0x21 CMakeFiles/fmc-320u-v2.dir/Core/Src/usart.c.obj
 .debug_rnglists
                0x000008b3       0x43 CMakeFiles/fmc-320u-v2.dir/Core/Src/stm32u5xx_it.c.obj
 .debug_rnglists
                0x000008f6       0x13 CMakeFiles/fmc-320u-v2.dir/Core/Src/stm32u5xx_hal_msp.c.obj
 .debug_rnglists
                0x00000909       0x13 CMakeFiles/fmc-320u-v2.dir/Core/Src/sysmem.c.obj
 .debug_rnglists
                0x0000091c       0x19 CMakeFiles/fmc-320u-v2.dir/startup_stm32u575xx.s.obj
 .debug_rnglists
                0x00000935       0x1f CMakeFiles/fmc-320u-v2.dir/01_app/fm_main.c.obj
 .debug_rnglists
                0x00000954       0xd1 CMakeFiles/fmc-320u-v2.dir/libs/fm_debug.c.obj
 .debug_rnglists
                0x00000a25       0x5b CMakeFiles/fmc-320u-v2.dir/bsp/fm_board.c.obj
 .debug_rnglists
                0x00000a80       0x2b CMakeFiles/fmc-320u-v2.dir/port/fm_hw_dwt.c.obj
 .debug_rnglists
                0x00000aab       0x51 CMakeFiles/fmc-320u-v2.dir/port/fm_hw_gpio.c.obj
 .debug_rnglists
                0x00000afc       0x20 CMakeFiles/fmc-320u-v2.dir/port/fm_hw_uart.c.obj
 .debug_rnglists
                0x00000b1c       0x7d C:/Users/dhs/AppData/Local/stm32cube/bundles/gnu-tools-for-stm32/14.3.1+st.2/bin/../lib/gcc/arm-none-eabi/14.3.1/../../../../arm-none-eabi/lib/thumb/v8-m.main+fp/hard\libg_nano.a(libc_a-findfp.o)
 .debug_rnglists
                0x00000b99       0x19 C:/Users/dhs/AppData/Local/stm32cube/bundles/gnu-tools-for-stm32/14.3.1+st.2/bin/../lib/gcc/arm-none-eabi/14.3.1/../../../../arm-none-eabi/lib/thumb/v8-m.main+fp/hard\libg_nano.a(libc_a-snprintf.o)
 .debug_rnglists
                0x00000bb2       0x13 C:/Users/dhs/AppData/Local/stm32cube/bundles/gnu-tools-for-stm32/14.3.1+st.2/bin/../lib/gcc/arm-none-eabi/14.3.1/../../../../arm-none-eabi/lib/thumb/v8-m.main+fp/hard\libg_nano.a(libc_a-memset.o)
 .debug_rnglists
                0x00000bc5       0x2c C:/Users/dhs/AppData/Local/stm32cube/bundles/gnu-tools-for-stm32/14.3.1+st.2/bin/../lib/gcc/arm-none-eabi/14.3.1/../../../../arm-none-eabi/lib/thumb/v8-m.main+fp/hard\libg_nano.a(libc_a-reent.o)
 .debug_rnglists
                0x00000bf1       0x13 C:/Users/dhs/AppData/Local/stm32cube/bundles/gnu-tools-for-stm32/14.3.1+st.2/bin/../lib/gcc/arm-none-eabi/14.3.1/../../../../arm-none-eabi/lib/thumb/v8-m.main+fp/hard\libg_nano.a(libc_a-errno.o)
 .debug_rnglists
                0x00000c04       0x13 C:/Users/dhs/AppData/Local/stm32cube/bundles/gnu-tools-for-stm32/14.3.1+st.2/bin/../lib/gcc/arm-none-eabi/14.3.1/../../../../arm-none-eabi/lib/thumb/v8-m.main+fp/hard\libg_nano.a(libc_a-init.o)
 .debug_rnglists
                0x00000c17       0x49 C:/Users/dhs/AppData/Local/stm32cube/bundles/gnu-tools-for-stm32/14.3.1+st.2/bin/../lib/gcc/arm-none-eabi/14.3.1/../../../../arm-none-eabi/lib/thumb/v8-m.main+fp/hard\libg_nano.a(libc_a-lock.o)
 .debug_rnglists
                0x00000c60       0x14 C:/Users/dhs/AppData/Local/stm32cube/bundles/gnu-tools-for-stm32/14.3.1+st.2/bin/../lib/gcc/arm-none-eabi/14.3.1/../../../../arm-none-eabi/lib/thumb/v8-m.main+fp/hard\libg_nano.a(libc_a-freer.o)
 .debug_rnglists
                0x00000c74       0x2c C:/Users/dhs/AppData/Local/stm32cube/bundles/gnu-tools-for-stm32/14.3.1+st.2/bin/../lib/gcc/arm-none-eabi/14.3.1/../../../../arm-none-eabi/lib/thumb/v8-m.main+fp/hard\libg_nano.a(libc_a-mallocr.o)
 .debug_rnglists
                0x00000ca0       0x19 C:/Users/dhs/AppData/Local/stm32cube/bundles/gnu-tools-for-stm32/14.3.1+st.2/bin/../lib/gcc/arm-none-eabi/14.3.1/../../../../arm-none-eabi/lib/thumb/v8-m.main+fp/hard\libg_nano.a(libc_a-mlock.o)
 .debug_rnglists
                0x00000cb9       0x4a C:/Users/dhs/AppData/Local/stm32cube/bundles/gnu-tools-for-stm32/14.3.1+st.2/bin/../lib/gcc/arm-none-eabi/14.3.1/../../../../arm-none-eabi/lib/thumb/v8-m.main+fp/hard\libg_nano.a(libc_a-nano-svfprintf.o)
 .debug_rnglists
                0x00000d03       0x68 C:/Users/dhs/AppData/Local/stm32cube/bundles/gnu-tools-for-stm32/14.3.1+st.2/bin/../lib/gcc/arm-none-eabi/14.3.1/../../../../arm-none-eabi/lib/thumb/v8-m.main+fp/hard\libg_nano.a(libc_a-nano-vfprintf_i.o)
 .debug_rnglists
                0x00000d6b       0x13 C:/Users/dhs/AppData/Local/stm32cube/bundles/gnu-tools-for-stm32/14.3.1+st.2/bin/../lib/gcc/arm-none-eabi/14.3.1/../../../../arm-none-eabi/lib/thumb/v8-m.main+fp/hard\libg_nano.a(libc_a-memmove.o)
 .debug_rnglists
                0x00000d7e       0x13 C:/Users/dhs/AppData/Local/stm32cube/bundles/gnu-tools-for-stm32/14.3.1+st.2/bin/../lib/gcc/arm-none-eabi/14.3.1/../../../../arm-none-eabi/lib/thumb/v8-m.main+fp/hard\libg_nano.a(libc_a-sbrkr.o)
 .debug_rnglists
                0x00000d91       0x13 C:/Users/dhs/AppData/Local/stm32cube/bundles/gnu-tools-for-stm32/14.3.1+st.2/bin/../lib/gcc/arm-none-eabi/14.3.1/../../../../arm-none-eabi/lib/thumb/v8-m.main+fp/hard\libg_nano.a(libc_a-memchr-stub.o)
 .debug_rnglists
                0x00000da4       0x13 C:/Users/dhs/AppData/Local/stm32cube/bundles/gnu-tools-for-stm32/14.3.1+st.2/bin/../lib/gcc/arm-none-eabi/14.3.1/../../../../arm-none-eabi/lib/thumb/v8-m.main+fp/hard\libg_nano.a(libc_a-memcpy-stub.o)
 .debug_rnglists
                0x00000db7       0x13 C:/Users/dhs/AppData/Local/stm32cube/bundles/gnu-tools-for-stm32/14.3.1+st.2/bin/../lib/gcc/arm-none-eabi/14.3.1/../../../../arm-none-eabi/lib/thumb/v8-m.main+fp/hard\libg_nano.a(libc_a-reallocr.o)
 .debug_rnglists
                0x00000dca       0x13 C:/Users/dhs/AppData/Local/stm32cube/bundles/gnu-tools-for-stm32/14.3.1+st.2/bin/../lib/gcc/arm-none-eabi/14.3.1/../../../../arm-none-eabi/lib/thumb/v8-m.main+fp/hard\libg_nano.a(libc_a-msizer.o)

.debug_macro    0x00000000    0x32dc2